This is pdfTeX, Version 3.141592653-2.6-1.40.24 (MiKTeX 22.1) (preloaded format=pdflatex 2024.4.4)  4 SEP 2026 08:47
entering extended mode
 restricted \write18 enabled.
 %&-line parsing enabled.
**./CACS2026.tex
(CACS2026.tex
LaTeX2e <2023-11-01> patch level 1
L3 programming layer <2024-03-14>

(/Users/josephsmith/Library/Application Support/MiKTeX/texmfs/install/tex/latex
/beamer/beamer.cls
Document Class: beamer 2026/01/22 v3.77 A class for typesetting presentations

(/Users/josephsmith/Library/Application Support/MiKTeX/texmfs/install/tex/latex
/beamer/beamerbasemodes.sty
(/Users/josephsmith/Library/Application Support/MiKTeX/texmfs/install/tex/latex
/etoolbox/etoolbox.sty
Package: etoolbox 2020/10/05 v2.5k e-TeX tools for LaTeX (JAW)
\etb@tempcnta=\count188
)
\beamer@tempbox=\box51
\beamer@tempcount=\count189
\c@beamerpauses=\count190

(/Users/josephsmith/Library/Application Support/MiKTeX/texmfs/install/tex/latex
/beamer/beamerbasedecode.sty
\beamer@slideinframe=\count191
\beamer@minimum=\count192
\beamer@decode@box=\box52
)
\beamer@commentbox=\box53
\beamer@modecount=\count193
)
(/Users/josephsmith/Library/Application Support/MiKTeX/texmfs/install/tex/gener
ic/iftex/iftex.sty
Package: iftex 2022/02/03 v1.0f TeX engine tests
)
\headdp=\dimen140
\footheight=\dimen141
\sidebarheight=\dimen142
\beamer@tempdim=\dimen143
\beamer@finalheight=\dimen144
\beamer@animht=\dimen145
\beamer@animdp=\dimen146
\beamer@animwd=\dimen147
\beamer@leftmargin=\dimen148
\beamer@rightmargin=\dimen149
\beamer@leftsidebar=\dimen150
\beamer@rightsidebar=\dimen151
\beamer@boxsize=\dimen152
\beamer@vboxoffset=\dimen153
\beamer@descdefault=\dimen154
\beamer@descriptionwidth=\dimen155
\beamer@lastskip=\skip48
\beamer@areabox=\box54
\beamer@animcurrent=\box55
\beamer@animshowbox=\box56
\beamer@sectionbox=\box57
\beamer@logobox=\box58
\beamer@linebox=\box59
\beamer@sectioncount=\count194
\beamer@subsubsectionmax=\count195
\beamer@subsectionmax=\count196
\beamer@sectionmax=\count197
\beamer@totalheads=\count198
\beamer@headcounter=\count199
\beamer@partstartpage=\count266
\beamer@sectionstartpage=\count267
\beamer@subsectionstartpage=\count268
\beamer@animationtempa=\count269
\beamer@animationtempb=\count270
\beamer@xpos=\count271
\beamer@ypos=\count272
\beamer@ypos@offset=\count273
\beamer@showpartnumber=\count274
\beamer@currentsubsection=\count275
\beamer@coveringdepth=\count276
\beamer@sectionadjust=\count277
\beamer@toclastsection=\count278
\beamer@tocsectionnumber=\count279

(/Users/josephsmith/Library/Application Support/MiKTeX/texmfs/install/tex/latex
/beamer/beamerbaseoptions.sty
(/Users/josephsmith/Library/Application Support/MiKTeX/texmfs/install/tex/latex
/graphics/keyval.sty
Package: keyval 2022/05/29 v1.15 key=value parser (DPC)
\KV@toks@=\toks17
))
\beamer@paperwidth=\skip49
\beamer@paperheight=\skip50

(/Users/josephsmith/Library/Application Support/MiKTeX/texmfs/install/tex/latex
/geometry/geometry.sty
Package: geometry 2020/01/02 v5.9 Page Geometry

(/Users/josephsmith/Library/Application Support/MiKTeX/texmfs/install/tex/gener
ic/iftex/ifvtex.sty
Package: ifvtex 2019/10/25 v1.7 ifvtex legacy package. Use iftex instead.
)
\Gm@cnth=\count280
\Gm@cntv=\count281
\c@Gm@tempcnt=\count282
\Gm@bindingoffset=\dimen156
\Gm@wd@mp=\dimen157
\Gm@odd@mp=\dimen158
\Gm@even@mp=\dimen159
\Gm@layoutwidth=\dimen160
\Gm@layoutheight=\dimen161
\Gm@layouthoffset=\dimen162
\Gm@layoutvoffset=\dimen163
\Gm@dimlist=\toks18

(/Users/josephsmith/Library/Application Support/MiKTeX/texmfs/install/tex/latex
/geometry/geometry.cfg))
(/Users/josephsmith/Library/Application Support/MiKTeX/texmfs/install/tex/latex
/pgf/math/pgfmath.sty
(/Users/josephsmith/Library/Application Support/MiKTeX/texmfs/install/tex/latex
/pgf/utilities/pgfrcs.sty
(/Users/josephsmith/Library/Application Support/MiKTeX/texmfs/install/tex/gener
ic/pgf/utilities/pgfutil-common.tex
\pgfutil@everybye=\toks19
\pgfutil@tempdima=\dimen164
\pgfutil@tempdimb=\dimen165
)
(/Users/josephsmith/Library/Application Support/MiKTeX/texmfs/install/tex/gener
ic/pgf/utilities/pgfutil-latex.def
\pgfutil@abb=\box60
)
(/Users/josephsmith/Library/Application Support/MiKTeX/texmfs/install/tex/gener
ic/pgf/utilities/pgfrcs.code.tex
(/Users/josephsmith/Library/Application Support/MiKTeX/texmfs/install/tex/gener
ic/pgf/pgf.revision.tex)
Package: pgfrcs 2023-01-15 v3.1.10 (3.1.10)
))
(/Users/josephsmith/Library/Application Support/MiKTeX/texmfs/install/tex/latex
/pgf/utilities/pgfkeys.sty
(/Users/josephsmith/Library/Application Support/MiKTeX/texmfs/install/tex/gener
ic/pgf/utilities/pgfkeys.code.tex
\pgfkeys@pathtoks=\toks20
\pgfkeys@temptoks=\toks21

(/Users/josephsmith/Library/Application Support/MiKTeX/texmfs/install/tex/gener
ic/pgf/utilities/pgfkeyslibraryfiltered.code.tex
\pgfkeys@tmptoks=\toks22
)))
(/Users/josephsmith/Library/Application Support/MiKTeX/texmfs/install/tex/gener
ic/pgf/math/pgfmath.code.tex
(/Users/josephsmith/Library/Application Support/MiKTeX/texmfs/install/tex/gener
ic/pgf/math/pgfmathutil.code.tex
\pgf@x=\dimen166
\pgf@xa=\dimen167
\pgf@xb=\dimen168
\pgf@xc=\dimen169
\pgf@y=\dimen170
\pgf@ya=\dimen171
\pgf@yb=\dimen172
\pgf@yc=\dimen173
\c@pgf@counta=\count283
\c@pgf@countb=\count284
\c@pgf@countc=\count285
\c@pgf@countd=\count286
)
(/Users/josephsmith/Library/Application Support/MiKTeX/texmfs/install/tex/gener
ic/pgf/math/pgfmathparser.code.tex
\pgfmath@dimen=\dimen174
\pgfmath@count=\count287
\pgfmath@box=\box61
\pgfmath@toks=\toks23
\pgfmath@stack@operand=\toks24
\pgfmath@stack@operation=\toks25
)
(/Users/josephsmith/Library/Application Support/MiKTeX/texmfs/install/tex/gener
ic/pgf/math/pgfmathfunctions.code.tex)
(/Users/josephsmith/Library/Application Support/MiKTeX/texmfs/install/tex/gener
ic/pgf/math/pgfmathfunctions.basic.code.tex)
(/Users/josephsmith/Library/Application Support/MiKTeX/texmfs/install/tex/gener
ic/pgf/math/pgfmathfunctions.trigonometric.code.tex)
(/Users/josephsmith/Library/Application Support/MiKTeX/texmfs/install/tex/gener
ic/pgf/math/pgfmathfunctions.random.code.tex)
(/Users/josephsmith/Library/Application Support/MiKTeX/texmfs/install/tex/gener
ic/pgf/math/pgfmathfunctions.comparison.code.tex)
(/Users/josephsmith/Library/Application Support/MiKTeX/texmfs/install/tex/gener
ic/pgf/math/pgfmathfunctions.base.code.tex)
(/Users/josephsmith/Library/Application Support/MiKTeX/texmfs/install/tex/gener
ic/pgf/math/pgfmathfunctions.round.code.tex)
(/Users/josephsmith/Library/Application Support/MiKTeX/texmfs/install/tex/gener
ic/pgf/math/pgfmathfunctions.misc.code.tex)
(/Users/josephsmith/Library/Application Support/MiKTeX/texmfs/install/tex/gener
ic/pgf/math/pgfmathfunctions.integerarithmetics.code.tex)
(/Users/josephsmith/Library/Application Support/MiKTeX/texmfs/install/tex/gener
ic/pgf/math/pgfmathcalc.code.tex)
(/Users/josephsmith/Library/Application Support/MiKTeX/texmfs/install/tex/gener
ic/pgf/math/pgfmathfloat.code.tex
\c@pgfmathroundto@lastzeros=\count288
)))
(/Users/josephsmith/Library/Application Support/MiKTeX/texmfs/install/tex/latex
/base/size10.clo
File: size10.clo 2023/05/17 v1.4n Standard LaTeX file (size option)
)
(/Users/josephsmith/Library/Application Support/MiKTeX/texmfs/install/tex/latex
/pgf/basiclayer/pgfcore.sty
(/Users/josephsmith/Library/Application Support/MiKTeX/texmfs/install/tex/latex
/graphics/graphicx.sty
Package: graphicx 2021/09/16 v1.2d Enhanced LaTeX Graphics (DPC,SPQR)

(/Users/josephsmith/Library/Application Support/MiKTeX/texmfs/install/tex/latex
/graphics/graphics.sty
Package: graphics 2022/03/10 v1.4e Standard LaTeX Graphics (DPC,SPQR)

(/Users/josephsmith/Library/Application Support/MiKTeX/texmfs/install/tex/latex
/graphics/trig.sty
Package: trig 2021/08/11 v1.11 sin cos tan (DPC)
)
(/Users/josephsmith/Library/Application Support/MiKTeX/texmfs/install/tex/latex
/graphics-cfg/graphics.cfg
File: graphics.cfg 2016/06/04 v1.11 sample graphics configuration
)
Package graphics Info: Driver file: pdftex.def on input line 107.

(/Users/josephsmith/Library/Application Support/MiKTeX/texmfs/install/tex/latex
/graphics-def/pdftex.def
File: pdftex.def 2022/09/22 v1.2b Graphics/color driver for pdftex
))
\Gin@req@height=\dimen175
\Gin@req@width=\dimen176
)
(/Users/josephsmith/Library/Application Support/MiKTeX/texmfs/install/tex/latex
/pgf/systemlayer/pgfsys.sty
(/Users/josephsmith/Library/Application Support/MiKTeX/texmfs/install/tex/gener
ic/pgf/systemlayer/pgfsys.code.tex
Package: pgfsys 2023-01-15 v3.1.10 (3.1.10)
\pgf@x=\dimen177
\pgf@y=\dimen178
\pgf@xa=\dimen179
\pgf@ya=\dimen180
\pgf@xb=\dimen181
\pgf@yb=\dimen182
\pgf@xc=\dimen183
\pgf@yc=\dimen184
\pgf@xd=\dimen185
\pgf@yd=\dimen186
\w@pgf@writea=\write3
\r@pgf@reada=\read2
\c@pgf@counta=\count289
\c@pgf@countb=\count290
\c@pgf@countc=\count291
\c@pgf@countd=\count292
\t@pgf@toka=\toks26
\t@pgf@tokb=\toks27
\t@pgf@tokc=\toks28
\pgf@sys@id@count=\count293

(/Users/josephsmith/Library/Application Support/MiKTeX/texmfs/install/tex/gener
ic/pgf/systemlayer/pgf.cfg
File: pgf.cfg 2023-01-15 v3.1.10 (3.1.10)
)
Driver file for pgf: pgfsys-pdftex.def

(/Users/josephsmith/Library/Application Support/MiKTeX/texmfs/install/tex/gener
ic/pgf/systemlayer/pgfsys-pdftex.def
File: pgfsys-pdftex.def 2023-01-15 v3.1.10 (3.1.10)

(/Users/josephsmith/Library/Application Support/MiKTeX/texmfs/install/tex/gener
ic/pgf/systemlayer/pgfsys-common-pdf.def
File: pgfsys-common-pdf.def 2023-01-15 v3.1.10 (3.1.10)
)))
(/Users/josephsmith/Library/Application Support/MiKTeX/texmfs/install/tex/gener
ic/pgf/systemlayer/pgfsyssoftpath.code.tex
File: pgfsyssoftpath.code.tex 2023-01-15 v3.1.10 (3.1.10)
\pgfsyssoftpath@smallbuffer@items=\count294
\pgfsyssoftpath@bigbuffer@items=\count295
)
(/Users/josephsmith/Library/Application Support/MiKTeX/texmfs/install/tex/gener
ic/pgf/systemlayer/pgfsysprotocol.code.tex
File: pgfsysprotocol.code.tex 2023-01-15 v3.1.10 (3.1.10)
))
(/Users/josephsmith/Library/Application Support/MiKTeX/texmfs/install/tex/latex
/xcolor/xcolor.sty
Package: xcolor 2023/11/15 v3.01 LaTeX color extensions (UK)

(/Users/josephsmith/Library/Application Support/MiKTeX/texmfs/install/tex/latex
/graphics-cfg/color.cfg
File: color.cfg 2016/01/02 v1.6 sample color configuration
)
Package xcolor Info: Driver file: pdftex.def on input line 274.

(/Users/josephsmith/Library/Application Support/MiKTeX/texmfs/install/tex/latex
/graphics/mathcolor.ltx)
Package xcolor Info: Model `cmy' substituted by `cmy0' on input line 1350.
Package xcolor Info: Model `hsb' substituted by `rgb' on input line 1354.
Package xcolor Info: Model `RGB' extended on input line 1366.
Package xcolor Info: Model `HTML' substituted by `rgb' on input line 1368.
Package xcolor Info: Model `Hsb' substituted by `hsb' on input line 1369.
Package xcolor Info: Model `tHsb' substituted by `hsb' on input line 1370.
Package xcolor Info: Model `HSB' substituted by `hsb' on input line 1371.
Package xcolor Info: Model `Gray' substituted by `gray' on input line 1372.
Package xcolor Info: Model `wave' substituted by `hsb' on input line 1373.
)
(/Users/josephsmith/Library/Application Support/MiKTeX/texmfs/install/tex/gener
ic/pgf/basiclayer/pgfcore.code.tex
Package: pgfcore 2023-01-15 v3.1.10 (3.1.10)

(/Users/josephsmith/Library/Application Support/MiKTeX/texmfs/install/tex/gener
ic/pgf/math/pgfint.code.tex)
(/Users/josephsmith/Library/Application Support/MiKTeX/texmfs/install/tex/gener
ic/pgf/basiclayer/pgfcorepoints.code.tex
File: pgfcorepoints.code.tex 2023-01-15 v3.1.10 (3.1.10)
\pgf@picminx=\dimen187
\pgf@picmaxx=\dimen188
\pgf@picminy=\dimen189
\pgf@picmaxy=\dimen190
\pgf@pathminx=\dimen191
\pgf@pathmaxx=\dimen192
\pgf@pathminy=\dimen193
\pgf@pathmaxy=\dimen194
\pgf@xx=\dimen195
\pgf@xy=\dimen196
\pgf@yx=\dimen197
\pgf@yy=\dimen198
\pgf@zx=\dimen199
\pgf@zy=\dimen256
)
(/Users/josephsmith/Library/Application Support/MiKTeX/texmfs/install/tex/gener
ic/pgf/basiclayer/pgfcorepathconstruct.code.tex
File: pgfcorepathconstruct.code.tex 2023-01-15 v3.1.10 (3.1.10)
\pgf@path@lastx=\dimen257
\pgf@path@lasty=\dimen258
)
(/Users/josephsmith/Library/Application Support/MiKTeX/texmfs/install/tex/gener
ic/pgf/basiclayer/pgfcorepathusage.code.tex
File: pgfcorepathusage.code.tex 2023-01-15 v3.1.10 (3.1.10)
\pgf@shorten@end@additional=\dimen259
\pgf@shorten@start@additional=\dimen260
)
(/Users/josephsmith/Library/Application Support/MiKTeX/texmfs/install/tex/gener
ic/pgf/basiclayer/pgfcorescopes.code.tex
File: pgfcorescopes.code.tex 2023-01-15 v3.1.10 (3.1.10)
\pgfpic=\box62
\pgf@hbox=\box63
\pgf@layerbox@main=\box64
\pgf@picture@serial@count=\count296
)
(/Users/josephsmith/Library/Application Support/MiKTeX/texmfs/install/tex/gener
ic/pgf/basiclayer/pgfcoregraphicstate.code.tex
File: pgfcoregraphicstate.code.tex 2023-01-15 v3.1.10 (3.1.10)
\pgflinewidth=\dimen261
)
(/Users/josephsmith/Library/Application Support/MiKTeX/texmfs/install/tex/gener
ic/pgf/basiclayer/pgfcoretransformations.code.tex
File: pgfcoretransformations.code.tex 2023-01-15 v3.1.10 (3.1.10)
\pgf@pt@x=\dimen262
\pgf@pt@y=\dimen263
\pgf@pt@temp=\dimen264
)
(/Users/josephsmith/Library/Application Support/MiKTeX/texmfs/install/tex/gener
ic/pgf/basiclayer/pgfcorequick.code.tex
File: pgfcorequick.code.tex 2023-01-15 v3.1.10 (3.1.10)
)
(/Users/josephsmith/Library/Application Support/MiKTeX/texmfs/install/tex/gener
ic/pgf/basiclayer/pgfcoreobjects.code.tex
File: pgfcoreobjects.code.tex 2023-01-15 v3.1.10 (3.1.10)
)
(/Users/josephsmith/Library/Application Support/MiKTeX/texmfs/install/tex/gener
ic/pgf/basiclayer/pgfcorepathprocessing.code.tex
File: pgfcorepathprocessing.code.tex 2023-01-15 v3.1.10 (3.1.10)
)
(/Users/josephsmith/Library/Application Support/MiKTeX/texmfs/install/tex/gener
ic/pgf/basiclayer/pgfcorearrows.code.tex
File: pgfcorearrows.code.tex 2023-01-15 v3.1.10 (3.1.10)
\pgfarrowsep=\dimen265
)
(/Users/josephsmith/Library/Application Support/MiKTeX/texmfs/install/tex/gener
ic/pgf/basiclayer/pgfcoreshade.code.tex
File: pgfcoreshade.code.tex 2023-01-15 v3.1.10 (3.1.10)
\pgf@max=\dimen266
\pgf@sys@shading@range@num=\count297
\pgf@shadingcount=\count298
)
(/Users/josephsmith/Library/Application Support/MiKTeX/texmfs/install/tex/gener
ic/pgf/basiclayer/pgfcoreimage.code.tex
File: pgfcoreimage.code.tex 2023-01-15 v3.1.10 (3.1.10)
)
(/Users/josephsmith/Library/Application Support/MiKTeX/texmfs/install/tex/gener
ic/pgf/basiclayer/pgfcoreexternal.code.tex
File: pgfcoreexternal.code.tex 2023-01-15 v3.1.10 (3.1.10)
\pgfexternal@startupbox=\box65
)
(/Users/josephsmith/Library/Application Support/MiKTeX/texmfs/install/tex/gener
ic/pgf/basiclayer/pgfcorelayers.code.tex
File: pgfcorelayers.code.tex 2023-01-15 v3.1.10 (3.1.10)
)
(/Users/josephsmith/Library/Application Support/MiKTeX/texmfs/install/tex/gener
ic/pgf/basiclayer/pgfcoretransparency.code.tex
File: pgfcoretransparency.code.tex 2023-01-15 v3.1.10 (3.1.10)
)
(/Users/josephsmith/Library/Application Support/MiKTeX/texmfs/install/tex/gener
ic/pgf/basiclayer/pgfcorepatterns.code.tex
File: pgfcorepatterns.code.tex 2023-01-15 v3.1.10 (3.1.10)
)
(/Users/josephsmith/Library/Application Support/MiKTeX/texmfs/install/tex/gener
ic/pgf/basiclayer/pgfcorerdf.code.tex
File: pgfcorerdf.code.tex 2023-01-15 v3.1.10 (3.1.10)
)))
(/Users/josephsmith/Library/Application Support/MiKTeX/texmfs/install/tex/latex
/pgf/utilities/xxcolor.sty
Package: xxcolor 2003/10/24 ver 0.1
\XC@nummixins=\count299
\XC@countmixins=\count300
)
(/Users/josephsmith/Library/Application Support/MiKTeX/texmfs/install/tex/latex
/base/atbegshi-ltx.sty
Package: atbegshi-ltx 2021/01/10 v1.0c Emulation of the original atbegshi
package with kernel methods
)
(/Users/josephsmith/Library/Application Support/MiKTeX/texmfs/install/tex/latex
/hyperref/hyperref.sty
Package: hyperref 2024-01-20 v7.01h Hypertext links for LaTeX

(/Users/josephsmith/Library/Application Support/MiKTeX/texmfs/install/tex/latex
/kvsetkeys/kvsetkeys.sty
Package: kvsetkeys 2022-10-05 v1.19 Key value parser (HO)
)
(/Users/josephsmith/Library/Application Support/MiKTeX/texmfs/install/tex/gener
ic/kvdefinekeys/kvdefinekeys.sty
Package: kvdefinekeys 2019-12-19 v1.6 Define keys (HO)
)
(/Users/josephsmith/Library/Application Support/MiKTeX/texmfs/install/tex/gener
ic/pdfescape/pdfescape.sty
Package: pdfescape 2019/12/09 v1.15 Implements pdfTeX's escape features (HO)

(/Users/josephsmith/Library/Application Support/MiKTeX/texmfs/install/tex/gener
ic/ltxcmds/ltxcmds.sty
Package: ltxcmds 2023-12-04 v1.26 LaTeX kernel commands for general use (HO)
)
(/Users/josephsmith/Library/Application Support/MiKTeX/texmfs/install/tex/gener
ic/pdftexcmds/pdftexcmds.sty
Package: pdftexcmds 2020-06-27 v0.33 Utility functions of pdfTeX for LuaTeX (HO
)

(/Users/josephsmith/Library/Application Support/MiKTeX/texmfs/install/tex/gener
ic/infwarerr/infwarerr.sty
Package: infwarerr 2019/12/03 v1.5 Providing info/warning/error messages (HO)
)
Package pdftexcmds Info: \pdf@primitive is available.
Package pdftexcmds Info: \pdf@ifprimitive is available.
Package pdftexcmds Info: \pdfdraftmode found.
))
(/Users/josephsmith/Library/Application Support/MiKTeX/texmfs/install/tex/latex
/hycolor/hycolor.sty
Package: hycolor 2020-01-27 v1.10 Color options for hyperref/bookmark (HO)
)
(/Users/josephsmith/Library/Application Support/MiKTeX/texmfs/install/tex/latex
/auxhook/auxhook.sty
Package: auxhook 2019-12-17 v1.6 Hooks for auxiliary files (HO)
)
(/Users/josephsmith/Library/Application Support/MiKTeX/texmfs/install/tex/latex
/hyperref/nameref.sty
Package: nameref 2023-11-26 v2.56 Cross-referencing by name of section

(/Users/josephsmith/Library/Application Support/MiKTeX/texmfs/install/tex/latex
/refcount/refcount.sty
Package: refcount 2019/12/15 v3.6 Data extraction from label references (HO)
)
(/Users/josephsmith/Library/Application Support/MiKTeX/texmfs/install/tex/gener
ic/gettitlestring/gettitlestring.sty
Package: gettitlestring 2019/12/15 v1.6 Cleanup title references (HO)

(/Users/josephsmith/Library/Application Support/MiKTeX/texmfs/install/tex/latex
/kvoptions/kvoptions.sty
Package: kvoptions 2022-06-15 v3.15 Key value format for package options (HO)
))
\c@section@level=\count301
)
\@linkdim=\dimen267
\Hy@linkcounter=\count302
\Hy@pagecounter=\count303

(/Users/josephsmith/Library/Application Support/MiKTeX/texmfs/install/tex/latex
/hyperref/pd1enc.def
File: pd1enc.def 2024-01-20 v7.01h Hyperref: PDFDocEncoding definition (HO)
Now handling font encoding PD1 ...
... no UTF-8 mapping file for font encoding PD1
)
(/Users/josephsmith/Library/Application Support/MiKTeX/texmfs/install/tex/gener
ic/intcalc/intcalc.sty
Package: intcalc 2019/12/15 v1.3 Expandable calculations with integers (HO)
)
\Hy@SavedSpaceFactor=\count304

(/Users/josephsmith/Library/Application Support/MiKTeX/texmfs/install/tex/latex
/hyperref/puenc.def
File: puenc.def 2024-01-20 v7.01h Hyperref: PDF Unicode definition (HO)
Now handling font encoding PU ...
... no UTF-8 mapping file for font encoding PU
)
Package hyperref Info: Option `bookmarks' set `true' on input line 4062.
Package hyperref Info: Option `bookmarksopen' set `true' on input line 4062.
Package hyperref Info: Option `implicit' set `false' on input line 4062.
Package hyperref Info: Hyper figures OFF on input line 4179.
Package hyperref Info: Link nesting OFF on input line 4184.
Package hyperref Info: Hyper index ON on input line 4187.
Package hyperref Info: Plain pages OFF on input line 4194.
Package hyperref Info: Backreferencing OFF on input line 4199.
Package hyperref Info: Implicit mode OFF; no redefinition of LaTeX internals.
Package hyperref Info: Bookmarks ON on input line 4446.
\c@Hy@tempcnt=\count305

(/Users/josephsmith/Library/Application Support/MiKTeX/texmfs/install/tex/latex
/url/url.sty
\Urlmuskip=\muskip16
Package: url 2013/09/16  ver 3.4  Verb mode for urls, etc.
)
LaTeX Info: Redefining \url on input line 4784.
\XeTeXLinkMargin=\dimen268

(/Users/josephsmith/Library/Application Support/MiKTeX/texmfs/install/tex/gener
ic/bitset/bitset.sty
Package: bitset 2019/12/09 v1.3 Handle bit-vector datatype (HO)

(/Users/josephsmith/Library/Application Support/MiKTeX/texmfs/install/tex/gener
ic/bigintcalc/bigintcalc.sty
Package: bigintcalc 2019/12/15 v1.5 Expandable calculations on big integers (HO
)
))
\Fld@menulength=\count306
\Field@Width=\dimen269
\Fld@charsize=\dimen270
Package hyperref Info: Hyper figures OFF on input line 6063.
Package hyperref Info: Link nesting OFF on input line 6068.
Package hyperref Info: Hyper index ON on input line 6071.
Package hyperref Info: backreferencing OFF on input line 6078.
Package hyperref Info: Link coloring OFF on input line 6083.
Package hyperref Info: Link coloring with OCG OFF on input line 6088.
Package hyperref Info: PDF/A mode OFF on input line 6093.
\Hy@abspage=\count307


Package hyperref Message: Stopped early.

)
Package hyperref Info: Driver (autodetected): hpdftex.

(/Users/josephsmith/Library/Application Support/MiKTeX/texmfs/install/tex/latex
/hyperref/hpdftex.def
File: hpdftex.def 2024-01-20 v7.01h Hyperref driver for pdfTeX

(/Users/josephsmith/Library/Application Support/MiKTeX/texmfs/install/tex/latex
/base/atveryend-ltx.sty
Package: atveryend-ltx 2020/08/19 v1.0a Emulation of the original atveryend pac
kage
with kernel methods
)
\Fld@listcount=\count308
\c@bookmark@seq@number=\count309

(/Users/josephsmith/Library/Application Support/MiKTeX/texmfs/install/tex/latex
/rerunfilecheck/rerunfilecheck.sty
Package: rerunfilecheck 2022-07-10 v1.10 Rerun checks for auxiliary files (HO)

(/Users/josephsmith/Library/Application Support/MiKTeX/texmfs/install/tex/gener
ic/uniquecounter/uniquecounter.sty
Package: uniquecounter 2019/12/15 v1.4 Provide unlimited unique counter (HO)
)
Package uniquecounter Info: New unique counter `rerunfilecheck' on input line 2
85.
))
(/Users/josephsmith/Library/Application Support/MiKTeX/texmfs/install/tex/latex
/beamer/beamerbaserequires.sty
(/Users/josephsmith/Library/Application Support/MiKTeX/texmfs/install/tex/latex
/beamer/beamerbasecompatibility.sty)
(/Users/josephsmith/Library/Application Support/MiKTeX/texmfs/install/tex/latex
/beamer/beamerbasefont.sty
(/Users/josephsmith/Library/Application Support/MiKTeX/texmfs/install/tex/latex
/amsfonts/amssymb.sty
Package: amssymb 2013/01/14 v3.01 AMS font symbols

(/Users/josephsmith/Library/Application Support/MiKTeX/texmfs/install/tex/latex
/amsfonts/amsfonts.sty
Package: amsfonts 2013/01/14 v3.01 Basic AMSFonts support
\@emptytoks=\toks29
\symAMSa=\mathgroup4
\symAMSb=\mathgroup5
LaTeX Font Info:    Redeclaring math symbol \hbar on input line 98.
LaTeX Font Info:    Overwriting math alphabet `\mathfrak' in version `bold'
(Font)                  U/euf/m/n --> U/euf/b/n on input line 106.
))
(/Users/josephsmith/Library/Application Support/MiKTeX/texmfs/install/tex/latex
/sansmathaccent/sansmathaccent.sty
Package: sansmathaccent 2020/01/31

(/Users/josephsmith/Library/Application Support/MiKTeX/texmfs/install/tex/latex
/koma-script/scrlfile.sty
Package: scrlfile 2023/07/07 v3.41 KOMA-Script package (file load hooks)

(/Users/josephsmith/Library/Application Support/MiKTeX/texmfs/install/tex/latex
/koma-script/scrlfile-hook.sty
Package: scrlfile-hook 2023/07/07 v3.41 KOMA-Script package (using LaTeX hooks)


(/Users/josephsmith/Library/Application Support/MiKTeX/texmfs/install/tex/latex
/koma-script/scrlogo.sty
Package: scrlogo 2023/07/07 v3.41 KOMA-Script package (logo)
)))))
(/Users/josephsmith/Library/Application Support/MiKTeX/texmfs/install/tex/latex
/beamer/beamerbasetranslator.sty
(/Users/josephsmith/Library/Application Support/MiKTeX/texmfs/install/tex/latex
/translator/translator.sty
Package: translator 2021-05-31 v1.12d Easy translation of strings in LaTeX
))
(/Users/josephsmith/Library/Application Support/MiKTeX/texmfs/install/tex/latex
/beamer/beamerbasemisc.sty)
(/Users/josephsmith/Library/Application Support/MiKTeX/texmfs/install/tex/latex
/beamer/beamerbasetwoscreens.sty)
(/Users/josephsmith/Library/Application Support/MiKTeX/texmfs/install/tex/latex
/beamer/beamerbaseoverlay.sty
\beamer@argscount=\count310
\beamer@lastskipcover=\skip51
\beamer@trivlistdepth=\count311
)
(/Users/josephsmith/Library/Application Support/MiKTeX/texmfs/install/tex/latex
/beamer/beamerbasetitle.sty)
(/Users/josephsmith/Library/Application Support/MiKTeX/texmfs/install/tex/latex
/beamer/beamerbasesection.sty
\c@lecture=\count312
\c@part=\count313
\c@section=\count314
\c@subsection=\count315
\c@subsubsection=\count316
)
(/Users/josephsmith/Library/Application Support/MiKTeX/texmfs/install/tex/latex
/beamer/beamerbaseframe.sty
\beamer@framebox=\box66
\beamer@frametitlebox=\box67
\beamer@zoombox=\box68
\beamer@zoomcount=\count317
\beamer@zoomframecount=\count318
\beamer@frametextheight=\dimen271
\c@subsectionslide=\count319
\beamer@frametopskip=\skip52
\beamer@framebottomskip=\skip53
\beamer@frametopskipautobreak=\skip54
\beamer@framebottomskipautobreak=\skip55
\beamer@envbody=\toks30
\framewidth=\dimen272
\c@framenumber=\count320
)
(/Users/josephsmith/Library/Application Support/MiKTeX/texmfs/install/tex/latex
/beamer/beamerbaseverbatim.sty
\beamer@verbatimfileout=\write4
)
(/Users/josephsmith/Library/Application Support/MiKTeX/texmfs/install/tex/latex
/beamer/beamerbaseframesize.sty
\beamer@splitbox=\box69
\beamer@autobreakcount=\count321
\beamer@autobreaklastheight=\dimen273
\beamer@frametitletoks=\toks31
\beamer@framesubtitletoks=\toks32
)
(/Users/josephsmith/Library/Application Support/MiKTeX/texmfs/install/tex/latex
/beamer/beamerbaseframecomponents.sty
\beamer@colheight=\skip56
\beamer@footins=\box70
)
(/Users/josephsmith/Library/Application Support/MiKTeX/texmfs/install/tex/latex
/beamer/beamerbasecolor.sty)
(/Users/josephsmith/Library/Application Support/MiKTeX/texmfs/install/tex/latex
/beamer/beamerbasenotes.sty
\beamer@frameboxcopy=\box71
)
(/Users/josephsmith/Library/Application Support/MiKTeX/texmfs/install/tex/latex
/beamer/beamerbasetoc.sty)
(/Users/josephsmith/Library/Application Support/MiKTeX/texmfs/install/tex/latex
/beamer/beamerbasetemplates.sty
\beamer@sbttoks=\toks33

(/Users/josephsmith/Library/Application Support/MiKTeX/texmfs/install/tex/latex
/beamer/beamerbaseauxtemplates.sty
(/Users/josephsmith/Library/Application Support/MiKTeX/texmfs/install/tex/latex
/beamer/beamerbaseboxes.sty
\bmb@box=\box72
\bmb@colorbox=\box73
\bmb@boxwidth=\dimen274
\bmb@boxheight=\dimen275
\bmb@prevheight=\dimen276
\bmb@temp=\dimen277
\bmb@dima=\dimen278
\bmb@dimb=\dimen279
\bmb@prevheight=\dimen280
)
\beamer@blockheadheight=\dimen281
))
(/Users/josephsmith/Library/Application Support/MiKTeX/texmfs/install/tex/latex
/beamer/beamerbaselocalstructure.sty
(/Users/josephsmith/Library/Application Support/MiKTeX/texmfs/install/tex/latex
/tools/enumerate.sty
Package: enumerate 2023/07/04 v3.00 enumerate extensions (DPC)
\@enLab=\toks34
)
\beamer@bibiconwidth=\skip57
\c@figure=\count322
\c@table=\count323
\abovecaptionskip=\skip58
\belowcaptionskip=\skip59
)
(/Users/josephsmith/Library/Application Support/MiKTeX/texmfs/install/tex/latex
/beamer/beamerbasenavigation.sty
(/Users/josephsmith/Library/Application Support/MiKTeX/texmfs/install/tex/latex
/beamer/beamerbasenavigationsymbols.tex)
\beamer@section@min@dim=\dimen282
)
(/Users/josephsmith/Library/Application Support/MiKTeX/texmfs/install/tex/latex
/beamer/beamerbasetheorems.sty
(/Users/josephsmith/Library/Application Support/MiKTeX/texmfs/install/tex/latex
/amsmath/amsmath.sty
Package: amsmath 2023/05/13 v2.17o AMS math features
\@mathmargin=\skip60

For additional information on amsmath, use the `?' option.

(/Users/josephsmith/Library/Application Support/MiKTeX/texmfs/install/tex/latex
/amsmath/amstext.sty
Package: amstext 2021/08/26 v2.01 AMS text

(/Users/josephsmith/Library/Application Support/MiKTeX/texmfs/install/tex/latex
/amsmath/amsgen.sty
File: amsgen.sty 1999/11/30 v2.0 generic functions
\@emptytoks=\toks35
\ex@=\dimen283
))
(/Users/josephsmith/Library/Application Support/MiKTeX/texmfs/install/tex/latex
/amsmath/amsbsy.sty
Package: amsbsy 1999/11/29 v1.2d Bold Symbols
\pmbraise@=\dimen284
)
(/Users/josephsmith/Library/Application Support/MiKTeX/texmfs/install/tex/latex
/amsmath/amsopn.sty
Package: amsopn 2022/04/08 v2.04 operator names
)
\inf@bad=\count324
LaTeX Info: Redefining \frac on input line 234.
\uproot@=\count325
\leftroot@=\count326
LaTeX Info: Redefining \overline on input line 399.
LaTeX Info: Redefining \colon on input line 410.
\classnum@=\count327
\DOTSCASE@=\count328
LaTeX Info: Redefining \ldots on input line 496.
LaTeX Info: Redefining \dots on input line 499.
LaTeX Info: Redefining \cdots on input line 620.
\Mathstrutbox@=\box74
\strutbox@=\box75
LaTeX Info: Redefining \big on input line 722.
LaTeX Info: Redefining \Big on input line 723.
LaTeX Info: Redefining \bigg on input line 724.
LaTeX Info: Redefining \Bigg on input line 725.
\big@size=\dimen285
LaTeX Font Info:    Redeclaring font encoding OML on input line 743.
LaTeX Font Info:    Redeclaring font encoding OMS on input line 744.
\macc@depth=\count329
LaTeX Info: Redefining \bmod on input line 905.
LaTeX Info: Redefining \pmod on input line 910.
LaTeX Info: Redefining \smash on input line 940.
LaTeX Info: Redefining \relbar on input line 970.
LaTeX Info: Redefining \Relbar on input line 971.
\c@MaxMatrixCols=\count330
\dotsspace@=\muskip17
\c@parentequation=\count331
\dspbrk@lvl=\count332
\tag@help=\toks36
\row@=\count333
\column@=\count334
\maxfields@=\count335
\andhelp@=\toks37
\eqnshift@=\dimen286
\alignsep@=\dimen287
\tagshift@=\dimen288
\tagwidth@=\dimen289
\totwidth@=\dimen290
\lineht@=\dimen291
\@envbody=\toks38
\multlinegap=\skip61
\multlinetaggap=\skip62
\mathdisplay@stack=\toks39
LaTeX Info: Redefining \[ on input line 2953.
LaTeX Info: Redefining \] on input line 2954.
)
(/Users/josephsmith/Library/Application Support/MiKTeX/texmfs/install/tex/latex
/amscls/amsthm.sty
Package: amsthm 2020/05/29 v2.20.6
\thm@style=\toks40
\thm@bodyfont=\toks41
\thm@headfont=\toks42
\thm@notefont=\toks43
\thm@headpunct=\toks44
\thm@preskip=\skip63
\thm@postskip=\skip64
\thm@headsep=\skip65
\dth@everypar=\toks45
)
\c@theorem=\count336
)
(/Users/josephsmith/Library/Application Support/MiKTeX/texmfs/install/tex/latex
/beamer/beamerbasethemes.sty))
(/Users/josephsmith/Library/Application Support/MiKTeX/texmfs/install/tex/latex
/beamer/beamerthemedefault.sty
(/Users/josephsmith/Library/Application Support/MiKTeX/texmfs/install/tex/latex
/beamer/beamerfontthemedefault.sty)
(/Users/josephsmith/Library/Application Support/MiKTeX/texmfs/install/tex/latex
/beamer/beamercolorthemedefault.sty)
(/Users/josephsmith/Library/Application Support/MiKTeX/texmfs/install/tex/latex
/beamer/beamerinnerthemedefault.sty
\beamer@dima=\dimen292
\beamer@dimb=\dimen293
)
(/Users/josephsmith/Library/Application Support/MiKTeX/texmfs/install/tex/latex
/beamer/beamerouterthemedefault.sty)))
(/Users/josephsmith/Library/Application Support/MiKTeX/texmfs/install/tex/latex
/base/fontenc.sty
Package: fontenc 2021/04/29 v2.0v Standard LaTeX package
)
(/Users/josephsmith/Library/Application Support/MiKTeX/texmfs/install/tex/latex
/base/inputenc.sty
Package: inputenc 2021/02/14 v1.3d Input encoding file
\inpenc@prehook=\toks46
\inpenc@posthook=\toks47
)
(/Users/josephsmith/Library/Application Support/MiKTeX/texmfs/install/tex/latex
/fira/FiraSans.sty
Package: FiraSans 2022/09/17 (Bob Tennent and autoinst) Style file for Fira San
s fonts.

(/Users/josephsmith/Library/Application Support/MiKTeX/texmfs/install/tex/gener
ic/iftex/ifxetex.sty
Package: ifxetex 2019/10/25 v0.7 ifxetex legacy package. Use iftex instead.
)
(/Users/josephsmith/Library/Application Support/MiKTeX/texmfs/install/tex/gener
ic/iftex/ifluatex.sty
Package: ifluatex 2019/10/25 v1.5 ifluatex legacy package. Use iftex instead.
)
(/Users/josephsmith/Library/Application Support/MiKTeX/texmfs/install/tex/latex
/xkeyval/xkeyval.sty
Package: xkeyval 2022/06/16 v2.9 package option processing (HA)

(/Users/josephsmith/Library/Application Support/MiKTeX/texmfs/install/tex/gener
ic/xkeyval/xkeyval.tex
(/Users/josephsmith/Library/Application Support/MiKTeX/texmfs/install/tex/gener
ic/xkeyval/xkvutils.tex
\XKV@toks=\toks48
\XKV@tempa@toks=\toks49
)
\XKV@depth=\count337
File: xkeyval.tex 2014/12/03 v2.7a key=value parser (HA)
))
(/Users/josephsmith/Library/Application Support/MiKTeX/texmfs/install/tex/latex
/base/textcomp.sty
Package: textcomp 2020/02/02 v2.0n Standard LaTeX package
)
(/Users/josephsmith/Library/Application Support/MiKTeX/texmfs/install/tex/latex
/fontaxes/fontaxes.sty
Package: fontaxes 2026-01-02 v2.0.2 Font selection axes (deprecated)
Applying: [0000-00-00] Fall back to v1 on input line 76.

(/Users/josephsmith/Library/Application Support/MiKTeX/texmfs/install/tex/latex
/fontaxes/fontaxes-v1.sty
Package: fontaxes 2020/07/21 v1.0e Font selection axes
LaTeX Info: Redefining \upshape on input line 29.
LaTeX Info: Redefining \itshape on input line 31.
LaTeX Info: Redefining \slshape on input line 33.
LaTeX Info: Redefining \swshape on input line 35.
LaTeX Info: Redefining \scshape on input line 37.
LaTeX Info: Redefining \sscshape on input line 39.
LaTeX Info: Redefining \ulcshape on input line 41.
LaTeX Info: Redefining \textsw on input line 47.
LaTeX Info: Redefining \textssc on input line 48.
LaTeX Info: Redefining \textulc on input line 49.
)))
(/Users/josephsmith/Library/Application Support/MiKTeX/texmfs/install/tex/latex
/beamer/beamerfontthemeserif.sty)
(/Users/josephsmith/Library/Application Support/MiKTeX/texmfs/install/tex/latex
/tools/array.sty
Package: array 2023/10/16 v2.5g Tabular extension package (FMi)
\col@sep=\dimen294
\ar@mcellbox=\box76
\extrarowheight=\dimen295
\NC@list=\toks50
\extratabsurround=\skip66
\backup@length=\skip67
\ar@cellbox=\box77
)
(/Users/josephsmith/Library/Application Support/MiKTeX/texmfs/install/tex/latex
/pgf/frontendlayer/tikz.sty
(/Users/josephsmith/Library/Application Support/MiKTeX/texmfs/install/tex/latex
/pgf/basiclayer/pgf.sty
Package: pgf 2023-01-15 v3.1.10 (3.1.10)

(/Users/josephsmith/Library/Application Support/MiKTeX/texmfs/install/tex/gener
ic/pgf/modules/pgfmoduleshapes.code.tex
File: pgfmoduleshapes.code.tex 2023-01-15 v3.1.10 (3.1.10)
\pgfnodeparttextbox=\box78
)
(/Users/josephsmith/Library/Application Support/MiKTeX/texmfs/install/tex/gener
ic/pgf/modules/pgfmoduleplot.code.tex
File: pgfmoduleplot.code.tex 2023-01-15 v3.1.10 (3.1.10)
)
(/Users/josephsmith/Library/Application Support/MiKTeX/texmfs/install/tex/latex
/pgf/compatibility/pgfcomp-version-0-65.sty
Package: pgfcomp-version-0-65 2023-01-15 v3.1.10 (3.1.10)
\pgf@nodesepstart=\dimen296
\pgf@nodesepend=\dimen297
)
(/Users/josephsmith/Library/Application Support/MiKTeX/texmfs/install/tex/latex
/pgf/compatibility/pgfcomp-version-1-18.sty
Package: pgfcomp-version-1-18 2023-01-15 v3.1.10 (3.1.10)
))
(/Users/josephsmith/Library/Application Support/MiKTeX/texmfs/install/tex/latex
/pgf/utilities/pgffor.sty
(/Users/josephsmith/Library/Application Support/MiKTeX/texmfs/install/tex/gener
ic/pgf/utilities/pgffor.code.tex
Package: pgffor 2023-01-15 v3.1.10 (3.1.10)
\pgffor@iter=\dimen298
\pgffor@skip=\dimen299
\pgffor@stack=\toks51
\pgffor@toks=\toks52
))
(/Users/josephsmith/Library/Application Support/MiKTeX/texmfs/install/tex/gener
ic/pgf/frontendlayer/tikz/tikz.code.tex
Package: tikz 2023-01-15 v3.1.10 (3.1.10)

(/Users/josephsmith/Library/Application Support/MiKTeX/texmfs/install/tex/gener
ic/pgf/libraries/pgflibraryplothandlers.code.tex
File: pgflibraryplothandlers.code.tex 2023-01-15 v3.1.10 (3.1.10)
\pgf@plot@mark@count=\count338
\pgfplotmarksize=\dimen300
)
\tikz@lastx=\dimen301
\tikz@lasty=\dimen302
\tikz@lastxsaved=\dimen303
\tikz@lastysaved=\dimen304
\tikz@lastmovetox=\dimen305
\tikz@lastmovetoy=\dimen306
\tikzleveldistance=\dimen307
\tikzsiblingdistance=\dimen308
\tikz@figbox=\box79
\tikz@figbox@bg=\box80
\tikz@tempbox=\box81
\tikz@tempbox@bg=\box82
\tikztreelevel=\count339
\tikznumberofchildren=\count340
\tikznumberofcurrentchild=\count341
\tikz@fig@count=\count342

(/Users/josephsmith/Library/Application Support/MiKTeX/texmfs/install/tex/gener
ic/pgf/modules/pgfmodulematrix.code.tex
File: pgfmodulematrix.code.tex 2023-01-15 v3.1.10 (3.1.10)
\pgfmatrixcurrentrow=\count343
\pgfmatrixcurrentcolumn=\count344
\pgf@matrix@numberofcolumns=\count345
)
\tikz@expandcount=\count346

(/Users/josephsmith/Library/Application Support/MiKTeX/texmfs/install/tex/gener
ic/pgf/frontendlayer/tikz/libraries/tikzlibrarytopaths.code.tex
File: tikzlibrarytopaths.code.tex 2023-01-15 v3.1.10 (3.1.10)
)))
(/Users/josephsmith/Library/Application Support/MiKTeX/texmfs/install/tex/latex
/listings/listings.sty
\lst@mode=\count347
\lst@gtempboxa=\box83
\lst@token=\toks53
\lst@length=\count348
\lst@currlwidth=\dimen309
\lst@column=\count349
\lst@pos=\count350
\lst@lostspace=\dimen310
\lst@width=\dimen311
\lst@newlines=\count351
\lst@lineno=\count352
\lst@maxwidth=\dimen312

(/Users/josephsmith/Library/Application Support/MiKTeX/texmfs/install/tex/latex
/listings/lstpatch.sty
File: lstpatch.sty 2024/03/11 1.10a (Carsten Heinz)
)
(/Users/josephsmith/Library/Application Support/MiKTeX/texmfs/install/tex/latex
/listings/lstmisc.sty
File: lstmisc.sty 2024/03/11 1.10a (Carsten Heinz)
\c@lstnumber=\count353
\lst@skipnumbers=\count354
\lst@framebox=\box84
)
(/Users/josephsmith/Library/Application Support/MiKTeX/texmfs/install/tex/latex
/listings/listings.cfg
File: listings.cfg 2024/03/11 1.10a listings configuration
))
Package: listings 2024/03/11 1.10a (Carsten Heinz)

(/Users/josephsmith/Library/Application Support/MiKTeX/texmfs/install/tex/latex
/fontawesome5/fontawesome5.sty
(/Users/josephsmith/Library/Application Support/MiKTeX/texmfs/install/tex/latex
/l3kernel/expl3.sty
Package: expl3 2024-03-14 L3 programming layer (loader) 

(/Users/josephsmith/Library/Application Support/MiKTeX/texmfs/install/tex/latex
/l3backend/l3backend-pdftex.def
File: l3backend-pdftex.def 2024-03-14 L3 backend support: PDF output (pdfTeX)
\l__color_backend_stack_int=\count355
\l__pdf_internal_box=\box85
))
Package: fontawesome5 2022/05/02 v5.15.4 Font Awesome 5

(/Users/josephsmith/Library/Application Support/MiKTeX/texmfs/install/tex/latex
/l3packages/l3keys2e/l3keys2e.sty
Package: l3keys2e 2024-03-14 LaTeX2e option processing using LaTeX3 keys
)
(/Users/josephsmith/Library/Application Support/MiKTeX/texmfs/install/tex/latex
/l3packages/xparse/xparse.sty
Package: xparse 2024-03-14 L3 Experimental document command parser
)
(/Users/josephsmith/Library/Application Support/MiKTeX/texmfs/install/tex/latex
/fontawesome5/fontawesome5-generic-helper.sty
Package: fontawesome5-generic-helper 2022/05/02 v5.15.4 non-uTeX helper for fon
tawesome5

(/Users/josephsmith/Library/Application Support/MiKTeX/texmfs/install/tex/latex
/fontawesome5/fontawesome5-mapping.def)))
(/Users/josephsmith/Library/Application Support/MiKTeX/texmfs/install/tex/latex
/tcolorbox/tcolorbox.sty
Package: tcolorbox 2024/01/10 version 6.2.0 text color boxes

(/Users/josephsmith/Library/Application Support/MiKTeX/texmfs/install/tex/latex
/tools/verbatim.sty
Package: verbatim 2023-11-06 v1.5v LaTeX2e package for verbatim enhancements
\every@verbatim=\toks54
\verbatim@line=\toks55
\verbatim@in@stream=\read3
)
(/Users/josephsmith/Library/Application Support/MiKTeX/texmfs/install/tex/latex
/environ/environ.sty
Package: environ 2014/05/04 v0.3 A new way to define environments

(/Users/josephsmith/Library/Application Support/MiKTeX/texmfs/install/tex/latex
/trimspaces/trimspaces.sty
Package: trimspaces 2009/09/17 v1.1 Trim spaces around a token list
))
\tcb@titlebox=\box86
\tcb@upperbox=\box87
\tcb@lowerbox=\box88
\tcb@phantombox=\box89
\c@tcbbreakpart=\count356
\c@tcblayer=\count357
\c@tcolorbox@number=\count358
\l__tcobox_tmpa_box=\box90
\l__tcobox_tmpa_dim=\dimen313
\tcb@temp=\box91
\tcb@temp=\box92
\tcb@temp=\box93
\tcb@temp=\box94

(/Users/josephsmith/Library/Application Support/MiKTeX/texmfs/install/tex/latex
/tcolorbox/tcbraster.code.tex
Library (tcolorbox): 'tcbraster.code.tex' version '6.2.0'
\c@tcbrastercolumn=\count359
\c@tcbrasterrow=\count360
\c@tcbrasternum=\count361
\c@tcbraster=\count362
)
(/Users/josephsmith/Library/Application Support/MiKTeX/texmfs/install/tex/latex
/tcolorbox/tcbskins.code.tex
Library (tcolorbox): 'tcbskins.code.tex' version '6.2.0'

(/Users/josephsmith/Library/Application Support/MiKTeX/texmfs/install/tex/latex
/tikzfill/tikzfill.image.sty
Package: tikzfill.image 2023/08/08 v1.0.1 Image filling library for TikZ

(/Users/josephsmith/Library/Application Support/MiKTeX/texmfs/install/tex/latex
/tikzfill/tikzfill-common.sty
Package: tikzfill-common 2023/08/08 v1.0.1 Auxiliary code for tikzfill
)
(/Users/josephsmith/Library/Application Support/MiKTeX/texmfs/install/tex/latex
/tikzfill/tikzlibraryfill.image.code.tex
File: tikzlibraryfill.image.code.tex 2023/08/08 v1.0.1 Image filling library
\l__tikzfill_img_box=\box95
))
(/Users/josephsmith/Library/Application Support/MiKTeX/texmfs/install/tex/latex
/tcolorbox/tcbskinsjigsaw.code.tex
Library (tcolorbox): 'tcbskinsjigsaw.code.tex' version '6.2.0'
))
(/Users/josephsmith/Library/Application Support/MiKTeX/texmfs/install/tex/latex
/tcolorbox/tcbbreakable.code.tex
Library (tcolorbox): 'tcbbreakable.code.tex' version '6.2.0'

(/Users/josephsmith/Library/Application Support/MiKTeX/texmfs/install/tex/latex
/pdfcol/pdfcol.sty
Package: pdfcol 2022-09-21 v1.7 Handle new color stacks for pdfTeX (HO)
)
Package pdfcol Info: New color stack `tcb@breakable' = 1 on input line 23.
\tcb@testbox=\box96
\tcb@totalupperbox=\box97
\tcb@totallowerbox=\box98
)
(/Users/josephsmith/Library/Application Support/MiKTeX/texmfs/install/tex/latex
/tcolorbox/tcbhooks.code.tex
Library (tcolorbox): 'tcbhooks.code.tex' version '6.2.0'
)
(/Users/josephsmith/Library/Application Support/MiKTeX/texmfs/install/tex/latex
/tcolorbox/tcbtheorems.code.tex
Library (tcolorbox): 'tcbtheorems.code.tex' version '6.2.0'
)
(/Users/josephsmith/Library/Application Support/MiKTeX/texmfs/install/tex/latex
/tcolorbox/tcbfitting.code.tex
Library (tcolorbox): 'tcbfitting.code.tex' version '6.2.0'
\tcbfitdim=\dimen314
\tcb@lowerfitdim=\dimen315
\tcb@upperfitdim=\dimen316
\tcb@cur@hbadness=\count363
)
(/Users/josephsmith/Library/Application Support/MiKTeX/texmfs/install/tex/latex
/tcolorbox/tcblistingsutf8.code.tex
Library (tcolorbox): 'tcblistingsutf8.code.tex' version '6.2.0'

(/Users/josephsmith/Library/Application Support/MiKTeX/texmfs/install/tex/latex
/tcolorbox/tcblistings.code.tex
Library (tcolorbox): 'tcblistings.code.tex' version '6.2.0'

(/Users/josephsmith/Library/Application Support/MiKTeX/texmfs/install/tex/latex
/tcolorbox/tcblistingscore.code.tex
Library (tcolorbox): 'tcblistingscore.code.tex' version '6.2.0'

(/Users/josephsmith/Library/Application Support/MiKTeX/texmfs/install/tex/latex
/tcolorbox/tcbprocessing.code.tex
Library (tcolorbox): 'tcbprocessing.code.tex' version '6.2.0'
)
\c@tcblisting=\count364
))
(/Users/josephsmith/Library/Application Support/MiKTeX/texmfs/install/tex/latex
/listingsutf8/listingsutf8.sty
Package: listingsutf8 2019-12-10 v1.5 Allow UTF-8 in listings input (HO)

(/Users/josephsmith/Library/Application Support/MiKTeX/texmfs/install/tex/gener
ic/stringenc/stringenc.sty
Package: stringenc 2019/11/29 v1.12 Convert strings between diff. encodings (HO
)
)))
(/Users/josephsmith/Library/Application Support/MiKTeX/texmfs/install/tex/latex
/tcolorbox/tcbexternal.code.tex
Library (tcolorbox): 'tcbexternal.code.tex' version '6.2.0'
)
(/Users/josephsmith/Library/Application Support/MiKTeX/texmfs/install/tex/latex
/tcolorbox/tcbmagazine.code.tex
Library (tcolorbox): 'tcbmagazine.code.tex' version '6.2.0'
)
(/Users/josephsmith/Library/Application Support/MiKTeX/texmfs/install/tex/latex
/tcolorbox/tcbvignette.code.tex
Library (tcolorbox): 'tcbvignette.code.tex' version '6.2.0'

(/Users/josephsmith/Library/Application Support/MiKTeX/texmfs/install/tex/gener
ic/pgf/frontendlayer/tikz/libraries/tikzlibraryfadings.code.tex
File: tikzlibraryfadings.code.tex 2023-01-15 v3.1.10 (3.1.10)

(/Users/josephsmith/Library/Application Support/MiKTeX/texmfs/install/tex/gener
ic/pgf/libraries/pgflibraryfadings.code.tex
File: pgflibraryfadings.code.tex 2023-01-15 v3.1.10 (3.1.10)
)))
(/Users/josephsmith/Library/Application Support/MiKTeX/texmfs/install/tex/latex
/tcolorbox/tcbposter.code.tex
Library (tcolorbox): 'tcbposter.code.tex' version '6.2.0'
))
(/Users/josephsmith/Library/Application Support/MiKTeX/texmfs/install/tex/gener
ic/pgf/frontendlayer/tikz/libraries/tikzlibrarycalc.code.tex
File: tikzlibrarycalc.code.tex 2023-01-15 v3.1.10 (3.1.10)
)
(/Users/josephsmith/Library/Application Support/MiKTeX/texmfs/install/tex/gener
ic/pgf/frontendlayer/tikz/libraries/tikzlibrarypositioning.code.tex
File: tikzlibrarypositioning.code.tex 2023-01-15 v3.1.10 (3.1.10)
)
Package hyperref Info: Option `colorlinks' set `false' on input line 33.

(lstlean.tex)
LaTeX Font Info:    Trying to load font information for T1+FiraSans-OsF on inpu
t line 384.

(/Users/josephsmith/Library/Application Support/MiKTeX/texmfs/install/tex/latex
/fira/T1FiraSans-OsF.fd
File: T1FiraSans-OsF.fd 2019/10/10 (autoinst) Font definitions for T1/FiraSans-
OsF.
)
LaTeX Font Info:    Font shape `T1/FiraSans-OsF/m/n' in size <10> not available

(Font)              Font shape `T1/FiraSans-OsF/regular/n' tried instead on inp
ut line 384.
LaTeX Font Info:    Font shape `T1/FiraSans-OsF/regular/n' will be
(Font)              scaled to size 10.0pt on input line 384.
 (CACS2026.aux)
\openout1 = `CACS2026.aux'.

LaTeX Font Info:    Checking defaults for OML/cmm/m/it on input line 384.
LaTeX Font Info:    ... okay on input line 384.
LaTeX Font Info:    Checking defaults for OMS/cmsy/m/n on input line 384.
LaTeX Font Info:    ... okay on input line 384.
LaTeX Font Info:    Checking defaults for OT1/cmr/m/n on input line 384.
LaTeX Font Info:    ... okay on input line 384.
LaTeX Font Info:    Checking defaults for T1/cmr/m/n on input line 384.
LaTeX Font Info:    ... okay on input line 384.
LaTeX Font Info:    Checking defaults for TS1/cmr/m/n on input line 384.
LaTeX Font Info:    ... okay on input line 384.
LaTeX Font Info:    Checking defaults for OMX/cmex/m/n on input line 384.
LaTeX Font Info:    ... okay on input line 384.
LaTeX Font Info:    Checking defaults for U/cmr/m/n on input line 384.
LaTeX Font Info:    ... okay on input line 384.
LaTeX Font Info:    Checking defaults for PD1/pdf/m/n on input line 384.
LaTeX Font Info:    ... okay on input line 384.
LaTeX Font Info:    Checking defaults for PU/pdf/m/n on input line 384.
LaTeX Font Info:    ... okay on input line 384.

*geometry* driver: auto-detecting
*geometry* detected driver: pdftex
*geometry* verbose mode - [ preamble ] result:
* driver: pdftex
* paper: custom
* layout: <same size as paper>
* layoutoffset:(h,v)=(0.0pt,0.0pt)
* modes: includehead includefoot 
* h-part:(L,W,R)=(17.64056pt, 419.96295pt, 17.64056pt)
* v-part:(T,H,B)=(0.0pt, 256.0748pt, 0.0pt)
* \paperwidth=455.24408pt
* \paperheight=256.0748pt
* \textwidth=419.96295pt
* \textheight=227.62207pt
* \oddsidemargin=-54.62943pt
* \evensidemargin=-54.62943pt
* \topmargin=-72.26999pt
* \headheight=14.22636pt
* \headsep=0.0pt
* \topskip=10.0pt
* \footskip=14.22636pt
* \marginparwidth=3.0pt
* \marginparsep=11.0pt
* \columnsep=10.0pt
* \skip\footins=9.0pt plus 4.0pt minus 2.0pt
* \hoffset=0.0pt
* \voffset=0.0pt
* \mag=1000
* \@twocolumnfalse
* \@twosidefalse
* \@mparswitchfalse
* \@reversemarginfalse
* (1in=72.27pt=25.4mm, 1cm=28.453pt)


(/Users/josephsmith/Library/Application Support/MiKTeX/texmfs/install/tex/conte
xt/base/mkii/supp-pdf.mkii
[Loading MPS to PDF converter (version 2006.09.02).]
\scratchcounter=\count365
\scratchdimen=\dimen317
\scratchbox=\box99
\nofMPsegments=\count366
\nofMParguments=\count367
\everyMPshowfont=\toks56
\MPscratchCnt=\count368
\MPscratchDim=\dimen318
\MPnumerator=\count369
\makeMPintoPDFobject=\count370
\everyMPtoPDFconversion=\toks57
)
(/Users/josephsmith/Library/Application Support/MiKTeX/texmfs/install/tex/latex
/epstopdf-pkg/epstopdf-base.sty
Package: epstopdf-base 2020-01-24 v2.11 Base part for package epstopdf
Package epstopdf-base Info: Redefining graphics rule for `.eps' on input line 4
85.

(/Users/josephsmith/Library/Application Support/MiKTeX/texmfs/install/tex/latex
/00miktex/epstopdf-sys.cfg
File: epstopdf-sys.cfg 2021/03/18 v2.0 Configuration of epstopdf for MiKTeX
))
Package hyperref Info: Link coloring OFF on input line 384.
 (CACS2026.out) (CACS2026.out)
\@outlinefile=\write5
\openout5 = `CACS2026.out'.


(/Users/josephsmith/Library/Application Support/MiKTeX/texmfs/install/tex/latex
/translator/translator-basic-dictionary-English.dict
Dictionary: translator-basic-dictionary, Language: English 
)
(/Users/josephsmith/Library/Application Support/MiKTeX/texmfs/install/tex/latex
/translator/translator-bibliography-dictionary-English.dict
Dictionary: translator-bibliography-dictionary, Language: English 
)
(/Users/josephsmith/Library/Application Support/MiKTeX/texmfs/install/tex/latex
/translator/translator-environment-dictionary-English.dict
Dictionary: translator-environment-dictionary, Language: English 
)
(/Users/josephsmith/Library/Application Support/MiKTeX/texmfs/install/tex/latex
/translator/translator-months-dictionary-English.dict
Dictionary: translator-months-dictionary, Language: English 
)
(/Users/josephsmith/Library/Application Support/MiKTeX/texmfs/install/tex/latex
/translator/translator-numbers-dictionary-English.dict
Dictionary: translator-numbers-dictionary, Language: English 
)
(/Users/josephsmith/Library/Application Support/MiKTeX/texmfs/install/tex/latex
/translator/translator-theorem-dictionary-English.dict
Dictionary: translator-theorem-dictionary, Language: English 
)
\c@mv@tabular=\count371
\c@mv@boldtabular=\count372
\c@lstlisting=\count373
 (CACS2026.nav)
LaTeX Font Info:    Font shape `T1/FiraSans-OsF/m/n' in size <5> not available
(Font)              Font shape `T1/FiraSans-OsF/regular/n' tried instead on inp
ut line 384.
LaTeX Font Info:    Font shape `T1/FiraSans-OsF/regular/n' will be
(Font)              scaled to size 5.0pt on input line 384.
LaTeX Font Info:    Font shape `T1/FiraSans-OsF/m/n' in size <7> not available
(Font)              Font shape `T1/FiraSans-OsF/regular/n' tried instead on inp
ut line 384.
LaTeX Font Info:    Font shape `T1/FiraSans-OsF/regular/n' will be
(Font)              scaled to size 7.0pt on input line 384.
LaTeX Font Info:    Trying to load font information for TS1+FiraSans-OsF on inp
ut line 384.

(/Users/josephsmith/Library/Application Support/MiKTeX/texmfs/install/tex/latex
/fira/TS1FiraSans-OsF.fd
File: TS1FiraSans-OsF.fd 2019/10/10 (autoinst) Font definitions for TS1/FiraSan
s-OsF.
)
LaTeX Font Info:    Font shape `TS1/FiraSans-OsF/m/n' in size <7> not available

(Font)              Font shape `TS1/FiraSans-OsF/regular/n' tried instead on in
put line 384.
LaTeX Font Info:    Font shape `TS1/FiraSans-OsF/regular/n' will be
(Font)              scaled to size 7.0pt on input line 384.
LaTeX Font Info:    Font shape `T1/FiraSans-OsF/m/n' in size <8> not available
(Font)              Font shape `T1/FiraSans-OsF/regular/n' tried instead on inp
ut line 437.
LaTeX Font Info:    Font shape `T1/FiraSans-OsF/regular/n' will be
(Font)              scaled to size 8.0pt on input line 437.
LaTeX Font Info:    Font shape `T1/FiraSans-OsF/b/n' in size <8> not available
(Font)              Font shape `T1/FiraSans-OsF/bold/n' tried instead on input 
line 437.
LaTeX Font Info:    Font shape `T1/FiraSans-OsF/bold/n' will be
(Font)              scaled to size 8.0pt on input line 437.
LaTeX Font Info:    Font shape `TS1/FiraSans-OsF/b/n' in size <8> not available

(Font)              Font shape `TS1/FiraSans-OsF/bold/n' tried instead on input
 line 437.
LaTeX Font Info:    Font shape `TS1/FiraSans-OsF/bold/n' will be
(Font)              scaled to size 8.0pt on input line 437.
LaTeX Font Info:    Font shape `T1/FiraSans-OsF/b/n' in size <7> not available
(Font)              Font shape `T1/FiraSans-OsF/bold/n' tried instead on input 
line 437.
LaTeX Font Info:    Font shape `T1/FiraSans-OsF/bold/n' will be
(Font)              scaled to size 7.0pt on input line 437.
LaTeX Font Info:    Font shape `TS1/FiraSans-OsF/b/n' in size <7> not available

(Font)              Font shape `TS1/FiraSans-OsF/bold/n' tried instead on input
 line 437.
LaTeX Font Info:    Font shape `TS1/FiraSans-OsF/bold/n' will be
(Font)              scaled to size 7.0pt on input line 437.
LaTeX Font Info:    Font shape `T1/FiraSans-OsF/m/n' in size <23> not available

(Font)              Font shape `T1/FiraSans-OsF/regular/n' tried instead on inp
ut line 437.
LaTeX Font Info:    Font shape `T1/FiraSans-OsF/regular/n' will be
(Font)              scaled to size 23.0pt on input line 437.
LaTeX Font Info:    Font shape `T1/FiraSans-OsF/b/n' in size <23> not available

(Font)              Font shape `T1/FiraSans-OsF/bold/n' tried instead on input 
line 437.
LaTeX Font Info:    Font shape `T1/FiraSans-OsF/bold/n' will be
(Font)              scaled to size 23.0pt on input line 437.
LaTeX Font Info:    Font shape `T1/FiraSans-OsF/m/n' in size <14.4> not availab
le
(Font)              Font shape `T1/FiraSans-OsF/regular/n' tried instead on inp
ut line 437.
LaTeX Font Info:    Font shape `T1/FiraSans-OsF/regular/n' will be
(Font)              scaled to size 14.4pt on input line 437.
LaTeX Font Info:    Font shape `T1/FiraSans-OsF/b/n' in size <14.4> not availab
le
(Font)              Font shape `T1/FiraSans-OsF/bold/n' tried instead on input 
line 437.
LaTeX Font Info:    Font shape `T1/FiraSans-OsF/bold/n' will be
(Font)              scaled to size 14.4pt on input line 437.
LaTeX Font Info:    Font shape `T1/FiraSans-OsF/m/n' in size <9> not available
(Font)              Font shape `T1/FiraSans-OsF/regular/n' tried instead on inp
ut line 437.
LaTeX Font Info:    Font shape `T1/FiraSans-OsF/regular/n' will be
(Font)              scaled to size 9.0pt on input line 437.
LaTeX Font Info:    Trying to load font information for U+fontawesomebrands0 on
 input line 437.

(/Users/josephsmith/Library/Application Support/MiKTeX/texmfs/install/tex/latex
/fontawesome5/ufontawesomebrands0.fd)
LaTeX Font Info:    Font shape `U/fontawesomebrands0/solid/n' in size <8> not a
vailable
(Font)              Font shape `U/fontawesomebrands0/regular/n' tried instead o
n input line 437.
LaTeX Font Info:    Trying to load font information for T1+cmtt on input line 4
37.

(/Users/josephsmith/Library/Application Support/MiKTeX/texmfs/install/tex/latex
/base/t1cmtt.fd
File: t1cmtt.fd 2023/04/13 v2.5m Standard LaTeX font definitions
)
LaTeX Font Info:    Trying to load font information for U+fontawesomefree1 on i
nput line 437.

(/Users/josephsmith/Library/Application Support/MiKTeX/texmfs/install/tex/latex
/fontawesome5/ufontawesomefree1.fd) [1

{/Users/josephsmith/Library/Application Support/MiKTeX/texmfs/data/fonts/map/pd
ftex/pdftex.map}]
LaTeX Font Info:    Font shape `T1/FiraSans-OsF/m/n' in size <18> not available

(Font)              Font shape `T1/FiraSans-OsF/regular/n' tried instead on inp
ut line 459.
LaTeX Font Info:    Font shape `T1/FiraSans-OsF/regular/n' will be
(Font)              scaled to size 18.0pt on input line 459.
LaTeX Font Info:    Font shape `T1/FiraSans-OsF/b/n' in size <18> not available

(Font)              Font shape `T1/FiraSans-OsF/bold/n' tried instead on input 
line 459.
LaTeX Font Info:    Font shape `T1/FiraSans-OsF/bold/n' will be
(Font)              scaled to size 18.0pt on input line 459.
LaTeX Font Info:    Trying to load font information for U+msa on input line 459
.

(/Users/josephsmith/Library/Application Support/MiKTeX/texmfs/install/tex/latex
/amsfonts/umsa.fd
File: umsa.fd 2013/01/14 v3.01 AMS symbols A
)
LaTeX Font Info:    Trying to load font information for U+msb on input line 459
.

(/Users/josephsmith/Library/Application Support/MiKTeX/texmfs/install/tex/latex
/amsfonts/umsb.fd
File: umsb.fd 2013/01/14 v3.01 AMS symbols B
)
LaTeX Font Info:    Font shape `T1/FiraSans-OsF/m/n' in size <17.28> not availa
ble
(Font)              Font shape `T1/FiraSans-OsF/regular/n' tried instead on inp
ut line 459.
LaTeX Font Info:    Font shape `T1/FiraSans-OsF/regular/n' will be
(Font)              scaled to size 17.28pt on input line 459.
LaTeX Font Info:    Font shape `T1/FiraSans-OsF/b/n' in size <17.28> not availa
ble
(Font)              Font shape `T1/FiraSans-OsF/bold/n' tried instead on input 
line 459.
LaTeX Font Info:    Font shape `T1/FiraSans-OsF/bold/n' will be
(Font)              scaled to size 17.28pt on input line 459.
LaTeX Font Info:    Font shape `T1/FiraSans-OsF/m/n' in size <4> not available
(Font)              Font shape `T1/FiraSans-OsF/regular/n' tried instead on inp
ut line 459.
LaTeX Font Info:    Font shape `T1/FiraSans-OsF/regular/n' will be
(Font)              scaled to size 4.0pt on input line 459.
 [2

]
LaTeX Font Info:    Font shape `T1/FiraSans-OsF/m/n' in size <30> not available

(Font)              Font shape `T1/FiraSans-OsF/regular/n' tried instead on inp
ut line 469.
LaTeX Font Info:    Font shape `T1/FiraSans-OsF/regular/n' will be
(Font)              scaled to size 30.0pt on input line 469.
LaTeX Font Info:    Font shape `T1/FiraSans-OsF/b/n' in size <30> not available

(Font)              Font shape `T1/FiraSans-OsF/bold/n' tried instead on input 
line 469.
LaTeX Font Info:    Font shape `T1/FiraSans-OsF/bold/n' will be
(Font)              scaled to size 30.0pt on input line 469.
LaTeX Font Info:    Font shape `T1/FiraSans-OsF/m/it' in size <10> not availabl
e
(Font)              Font shape `T1/FiraSans-OsF/regular/it' tried instead on in
put line 469.
LaTeX Font Info:    Font shape `T1/FiraSans-OsF/regular/it' will be
(Font)              scaled to size 10.0pt on input line 469.
LaTeX Font Info:    Font shape `TS1/FiraSans-OsF/m/n' in size <8> not available

(Font)              Font shape `TS1/FiraSans-OsF/regular/n' tried instead on in
put line 469.
LaTeX Font Info:    Font shape `TS1/FiraSans-OsF/regular/n' will be
(Font)              scaled to size 8.0pt on input line 469.
 [3

] [4

]
LaTeX Font Info:    Font shape `T1/FiraSans-OsF/b/n' in size <10> not available

(Font)              Font shape `T1/FiraSans-OsF/bold/n' tried instead on input 
line 517.
LaTeX Font Info:    Font shape `T1/FiraSans-OsF/bold/n' will be
(Font)              scaled to size 10.0pt on input line 517.
 [5

] [6

]
LaTeX Font Info:    Font shape `T1/FiraSans-OsF/m/n' in size <17> not available

(Font)              Font shape `T1/FiraSans-OsF/regular/n' tried instead on inp
ut line 585.
LaTeX Font Info:    Font shape `T1/FiraSans-OsF/regular/n' will be
(Font)              scaled to size 17.0pt on input line 585.
LaTeX Font Info:    Font shape `T1/FiraSans-OsF/b/n' in size <17> not available

(Font)              Font shape `T1/FiraSans-OsF/bold/n' tried instead on input 
line 585.
LaTeX Font Info:    Font shape `T1/FiraSans-OsF/bold/n' will be
(Font)              scaled to size 17.0pt on input line 585.
LaTeX Font Info:    Font shape `T1/FiraSans-OsF/m/n' in size <13> not available

(Font)              Font shape `T1/FiraSans-OsF/regular/n' tried instead on inp
ut line 585.
LaTeX Font Info:    Font shape `T1/FiraSans-OsF/regular/n' will be
(Font)              scaled to size 13.0pt on input line 585.
LaTeX Font Info:    Font shape `T1/FiraSans-OsF/m/it' in size <13> not availabl
e
(Font)              Font shape `T1/FiraSans-OsF/regular/it' tried instead on in
put line 585.
LaTeX Font Info:    Font shape `T1/FiraSans-OsF/regular/it' will be
(Font)              scaled to size 13.0pt on input line 585.
 [7

] [8

]
LaTeX Font Info:    Font shape `T1/FiraSans-OsF/m/n' in size <20> not available

(Font)              Font shape `T1/FiraSans-OsF/regular/n' tried instead on inp
ut line 605.
LaTeX Font Info:    Font shape `T1/FiraSans-OsF/regular/n' will be
(Font)              scaled to size 20.0pt on input line 605.
LaTeX Font Info:    Font shape `T1/FiraSans-OsF/b/n' in size <20> not available

(Font)              Font shape `T1/FiraSans-OsF/bold/n' tried instead on input 
line 605.
LaTeX Font Info:    Font shape `T1/FiraSans-OsF/bold/n' will be
(Font)              scaled to size 20.0pt on input line 605.
LaTeX Font Info:    Font shape `T1/FiraSans-OsF/b/n' in size <24> not available

(Font)              Font shape `T1/FiraSans-OsF/bold/n' tried instead on input 
line 605.
LaTeX Font Info:    Font shape `T1/FiraSans-OsF/bold/n' will be
(Font)              scaled to size 24.0pt on input line 605.
 [9

] [10

] [11

]
LaTeX Font Info:    Font shape `T1/FiraSans-OsF/m/it' in size <17> not availabl
e
(Font)              Font shape `T1/FiraSans-OsF/regular/it' tried instead on in
put line 656.
LaTeX Font Info:    Font shape `T1/FiraSans-OsF/regular/it' will be
(Font)              scaled to size 17.0pt on input line 656.
LaTeX Font Info:    Font shape `T1/FiraSans-OsF/b/it' in size <17> not availabl
e
(Font)              Font shape `T1/FiraSans-OsF/bold/it' tried instead on input
 line 656.
LaTeX Font Info:    Font shape `T1/FiraSans-OsF/bold/it' will be
(Font)              scaled to size 17.0pt on input line 656.
 [12

]
LaTeX Font Info:    Font shape `T1/FiraSans-OsF/b/n' in size <13> not available

(Font)              Font shape `T1/FiraSans-OsF/bold/n' tried instead on input 
line 699.
LaTeX Font Info:    Font shape `T1/FiraSans-OsF/bold/n' will be
(Font)              scaled to size 13.0pt on input line 699.
 [13

]
\openout4 = `CACS2026.vrb'.


(CACS2026.vrb
LaTeX Font Info:    Font shape `T1/FiraSans-OsF/b/n' in size <9> not available
(Font)              Font shape `T1/FiraSans-OsF/bold/n' tried instead on input 
line 8.
LaTeX Font Info:    Font shape `T1/FiraSans-OsF/bold/n' will be
(Font)              scaled to size 9.0pt on input line 8.
LaTeX Font Info:    Font shape `T1/FiraSans-OsF/m/n' in size <6> not available
(Font)              Font shape `T1/FiraSans-OsF/regular/n' tried instead on inp
ut line 12.
LaTeX Font Info:    Font shape `T1/FiraSans-OsF/regular/n' will be
(Font)              scaled to size 6.0pt on input line 12.
) [14

]
LaTeX Font Info:    Font shape `U/fontawesomebrands0/solid/n' in size <30> not 
available
(Font)              Font shape `U/fontawesomebrands0/regular/n' tried instead o
n input line 752.
LaTeX Font Info:    Font shape `T1/FiraSans-OsF/b/n' in size <5> not available
(Font)              Font shape `T1/FiraSans-OsF/bold/n' tried instead on input 
line 752.
LaTeX Font Info:    Font shape `T1/FiraSans-OsF/bold/n' will be
(Font)              scaled to size 5.0pt on input line 752.
LaTeX Font Info:    Trying to load font information for U+fontawesomefree3 on i
nput line 752.

(/Users/josephsmith/Library/Application Support/MiKTeX/texmfs/install/tex/latex
/fontawesome5/ufontawesomefree3.fd)
LaTeX Font Info:    Trying to load font information for U+fontawesomefree0 on i
nput line 752.

(/Users/josephsmith/Library/Application Support/MiKTeX/texmfs/install/tex/latex
/fontawesome5/ufontawesomefree0.fd) [15

]
LaTeX Font Info:    Font shape `T1/FiraSans-OsF/m/it' in size <9> not available

(Font)              Font shape `T1/FiraSans-OsF/regular/it' tried instead on in
put line 765.
LaTeX Font Info:    Font shape `T1/FiraSans-OsF/regular/it' will be
(Font)              scaled to size 9.0pt on input line 765.
 [16

] [17

]
<../Images/LeanLiveQR.png, id=153, 903.375pt x 903.375pt>
File: ../Images/LeanLiveQR.png Graphic file (type png)
<use ../Images/LeanLiveQR.png>
Package pdftex.def Info: ../Images/LeanLiveQR.png  used on input line 805.
(pdftex.def)             Requested size: 139.41832pt x 139.41516pt.
LaTeX Font Info:    Calculating math sizes for size <17> on input line 805.


LaTeX Font Warning: Font shape `OT1/cmr/m/n' in size <8.5> not available
(Font)              size <8> substituted on input line 805.


LaTeX Font Warning: Font shape `OML/cmm/m/it' in size <8.5> not available
(Font)              size <8> substituted on input line 805.


LaTeX Font Warning: Font shape `OMS/cmsy/m/n' in size <8.5> not available
(Font)              size <8> substituted on input line 805.

[18

 <../Images/LeanLiveQR.png (PNG copy)>] [19

] [20

]
LaTeX Font Info:    Font shape `T1/FiraSans-OsF/m/n' in size <15> not available

(Font)              Font shape `T1/FiraSans-OsF/regular/n' tried instead on inp
ut line 923.
LaTeX Font Info:    Font shape `T1/FiraSans-OsF/regular/n' will be
(Font)              scaled to size 15.0pt on input line 923.
LaTeX Font Info:    Font shape `T1/FiraSans-OsF/b/n' in size <15> not available

(Font)              Font shape `T1/FiraSans-OsF/bold/n' tried instead on input 
line 923.
LaTeX Font Info:    Font shape `T1/FiraSans-OsF/bold/n' will be
(Font)              scaled to size 15.0pt on input line 923.
 [21

] [22

] [23

] [24

]
[25

]
LaTeX Font Info:    Font shape `T1/FiraSans-OsF/b/n' in size <12> not available

(Font)              Font shape `T1/FiraSans-OsF/bold/n' tried instead on input 
line 951.
LaTeX Font Info:    Font shape `T1/FiraSans-OsF/bold/n' will be
(Font)              scaled to size 12.0pt on input line 951.
 [26

]
LaTeX Font Info:    Font shape `T1/FiraSans-OsF/m/n' in size <22> not available

(Font)              Font shape `T1/FiraSans-OsF/regular/n' tried instead on inp
ut line 963.
LaTeX Font Info:    Font shape `T1/FiraSans-OsF/regular/n' will be
(Font)              scaled to size 22.0pt on input line 963.
LaTeX Font Info:    Font shape `T1/FiraSans-OsF/b/n' in size <22> not available

(Font)              Font shape `T1/FiraSans-OsF/bold/n' tried instead on input 
line 963.
LaTeX Font Info:    Font shape `T1/FiraSans-OsF/bold/n' will be
(Font)              scaled to size 22.0pt on input line 963.
 [27

] [28

] [29

] [30

] [31

]
LaTeX Font Info:    Font shape `T1/FiraSans-OsF/m/n' in size <16> not available

(Font)              Font shape `T1/FiraSans-OsF/regular/n' tried instead on inp
ut line 1035.
LaTeX Font Info:    Font shape `T1/FiraSans-OsF/regular/n' will be
(Font)              scaled to size 16.0pt on input line 1035.
LaTeX Font Info:    Font shape `T1/FiraSans-OsF/b/n' in size <16> not available

(Font)              Font shape `T1/FiraSans-OsF/bold/n' tried instead on input 
line 1035.
LaTeX Font Info:    Font shape `T1/FiraSans-OsF/bold/n' will be
(Font)              scaled to size 16.0pt on input line 1035.
LaTeX Font Info:    Font shape `T1/FiraSans-OsF/m/n' in size <24> not available

(Font)              Font shape `T1/FiraSans-OsF/regular/n' tried instead on inp
ut line 1035.
LaTeX Font Info:    Font shape `T1/FiraSans-OsF/regular/n' will be
(Font)              scaled to size 24.0pt on input line 1035.


LaTeX Font Warning: Font shape `T1/cmtt/m/n' in size <24> not available
(Font)              size <24.88> substituted on input line 1035.

LaTeX Font Info:    Font shape `T1/cmtt/bx/n' in size <24> not available
(Font)              Font shape `T1/cmtt/m/n' tried instead on input line 1035.

LaTeX Font Warning: Font shape `T1/cmtt/m/n' in size <24> not available
(Font)              size <24.88> substituted on input line 1035.

[32

]
LaTeX Font Info:    Font shape `T1/FiraSans-OsF/m/n' in size <14> not available

(Font)              Font shape `T1/FiraSans-OsF/regular/n' tried instead on inp
ut line 1053.
LaTeX Font Info:    Font shape `T1/FiraSans-OsF/regular/n' will be
(Font)              scaled to size 14.0pt on input line 1053.
 [33

] [34

] [35

] [36

]
LaTeX Font Info:    Calculating math sizes for size <24> on input line 1157.


LaTeX Font Warning: Font shape `OT1/cmr/m/n' in size <24> not available
(Font)              size <24.88> substituted on input line 1157.


LaTeX Font Warning: Font shape `OT1/cmr/m/n' in size <16.79993> not available
(Font)              size <17.28> substituted on input line 1157.


LaTeX Font Warning: Font shape `OML/cmm/m/it' in size <24> not available
(Font)              size <24.88> substituted on input line 1157.


LaTeX Font Warning: Font shape `OML/cmm/m/it' in size <16.79993> not available
(Font)              size <17.28> substituted on input line 1157.


LaTeX Font Warning: Font shape `OMS/cmsy/m/n' in size <24> not available
(Font)              size <24.88> substituted on input line 1157.


LaTeX Font Warning: Font shape `OMS/cmsy/m/n' in size <16.79993> not available
(Font)              size <17.28> substituted on input line 1157.

LaTeX Font Info:    Font shape `T1/FiraSans-OsF/m/n' in size <12> not available

(Font)              Font shape `T1/FiraSans-OsF/regular/n' tried instead on inp
ut line 1157.
LaTeX Font Info:    Font shape `T1/FiraSans-OsF/regular/n' will be
(Font)              scaled to size 12.0pt on input line 1157.
[37

] [38

]
LaTeX Font Info:    Font shape `U/fontawesomebrands0/solid/n' in size <10> not 
available
(Font)              Font shape `U/fontawesomebrands0/regular/n' tried instead o
n input line 1217.
 [39

]
LaTeX Font Info:    Font shape `T1/cmtt/bx/n' in size <6.2> not available
(Font)              Font shape `T1/cmtt/m/n' tried instead on input line 1261.
 [40

]
\openout4 = `CACS2026.vrb'.

 (CACS2026.vrb
LaTeX Font Info:    Calculating math sizes for size <16> on input line 20.


LaTeX Font Warning: Font shape `OT1/cmr/m/n' in size <16> not available
(Font)              size <17.28> substituted on input line 20.


LaTeX Font Warning: Font shape `OML/cmm/m/it' in size <16> not available
(Font)              size <17.28> substituted on input line 20.


LaTeX Font Warning: Font shape `OMS/cmsy/m/n' in size <16> not available
(Font)              size <17.28> substituted on input line 20.


LaTeX Font Warning: Font shape `OT1/cmr/bx/n' in size <16> not available
(Font)              size <17.28> substituted on input line 20.

) [41

]
\openout4 = `CACS2026.vrb'.

 (CACS2026.vrb
LaTeX Font Info:    Font shape `T1/FiraSans-OsF/b/n' in size <14> not available

(Font)              Font shape `T1/FiraSans-OsF/bold/n' tried instead on input 
line 23.
LaTeX Font Info:    Font shape `T1/FiraSans-OsF/bold/n' will be
(Font)              scaled to size 14.0pt on input line 23.
LaTeX Font Info:    Calculating math sizes for size <14> on input line 23.
) [42

]
\openout4 = `CACS2026.vrb'.

 (CACS2026.vrb

LaTeX Font Warning: Font shape `T1/cmtt/m/n' in size <13> not available
(Font)              size <12> substituted on input line 23.

LaTeX Font Info:    Calculating math sizes for size <13> on input line 23.

LaTeX Font Warning: Font shape `OT1/cmr/m/n' in size <13> not available
(Font)              size <12> substituted on input line 23.


LaTeX Font Warning: Font shape `OT1/cmr/m/n' in size <6.5> not available
(Font)              size <6> substituted on input line 23.


LaTeX Font Warning: Font shape `OML/cmm/m/it' in size <13> not available
(Font)              size <12> substituted on input line 23.


LaTeX Font Warning: Font shape `OML/cmm/m/it' in size <6.5> not available
(Font)              size <6> substituted on input line 23.


LaTeX Font Warning: Font shape `OMS/cmsy/m/n' in size <13> not available
(Font)              size <12> substituted on input line 23.


LaTeX Font Warning: Font shape `OMS/cmsy/m/n' in size <6.5> not available
(Font)              size <6> substituted on input line 23.


LaTeX Font Warning: Font shape `OT1/cmr/bx/n' in size <13> not available
(Font)              size <12> substituted on input line 23.


LaTeX Font Warning: Font shape `OT1/cmr/bx/n' in size <6.5> not available
(Font)              size <6> substituted on input line 23.

) [43

]
\openout4 = `CACS2026.vrb'.

 (CACS2026.vrb
LaTeX Font Info:    Calculating math sizes for size <15> on input line 21.


LaTeX Font Warning: Font shape `OT1/cmr/m/n' in size <15> not available
(Font)              size <14.4> substituted on input line 21.


LaTeX Font Warning: Font shape `OT1/cmr/m/n' in size <10.49995> not available
(Font)              size <10.95> substituted on input line 21.


LaTeX Font Warning: Font shape `OT1/cmr/m/n' in size <7.5> not available
(Font)              size <7> substituted on input line 21.


LaTeX Font Warning: Font shape `OML/cmm/m/it' in size <15> not available
(Font)              size <14.4> substituted on input line 21.


LaTeX Font Warning: Font shape `OML/cmm/m/it' in size <10.49995> not available
(Font)              size <10.95> substituted on input line 21.


LaTeX Font Warning: Font shape `OML/cmm/m/it' in size <7.5> not available
(Font)              size <7> substituted on input line 21.


LaTeX Font Warning: Font shape `OMS/cmsy/m/n' in size <15> not available
(Font)              size <14.4> substituted on input line 21.


LaTeX Font Warning: Font shape `OMS/cmsy/m/n' in size <10.49995> not available
(Font)              size <10.95> substituted on input line 21.


LaTeX Font Warning: Font shape `OMS/cmsy/m/n' in size <7.5> not available
(Font)              size <7> substituted on input line 21.


LaTeX Font Warning: Font shape `OT1/cmr/bx/n' in size <15> not available
(Font)              size <14.4> substituted on input line 21.


LaTeX Font Warning: Font shape `OT1/cmr/bx/n' in size <10.49995> not available
(Font)              size <10.95> substituted on input line 21.


LaTeX Font Warning: Font shape `OT1/cmr/bx/n' in size <7.5> not available
(Font)              size <7> substituted on input line 21.


Overfull \hbox (0.88293pt too wide) in paragraph at lines 26--27
[][][][][][][][][][][] 
 []

LaTeX Font Info:    Calculating math sizes for size <6.7> on input line 27.

LaTeX Font Warning: Font shape `OML/cmm/m/it' in size <3.34999> not available
(Font)              size <5> substituted on input line 27.


LaTeX Font Warning: Font shape `OMS/cmsy/m/n' in size <3.34999> not available
(Font)              size <5> substituted on input line 27.

) [44

]
\openout4 = `CACS2026.vrb'.

 (CACS2026.vrb) [45

]

LaTeX Font Warning: Font shape `OT1/cmr/bx/n' in size <8.5> not available
(Font)              size <8> substituted on input line 1458.

[46

] [47

]
\openout4 = `CACS2026.vrb'.

 (CACS2026.vrb
LaTeX Font Info:    Calculating math sizes for size <20> on input line 19.


LaTeX Font Warning: Font shape `OT1/cmr/m/n' in size <20> not available
(Font)              size <20.74> substituted on input line 19.


LaTeX Font Warning: Font shape `OT1/cmr/m/n' in size <13.99994> not available
(Font)              size <14.4> substituted on input line 19.


LaTeX Font Warning: Font shape `OML/cmm/m/it' in size <20> not available
(Font)              size <20.74> substituted on input line 19.


LaTeX Font Warning: Font shape `OML/cmm/m/it' in size <13.99994> not available
(Font)              size <14.4> substituted on input line 19.


LaTeX Font Warning: Font shape `OMS/cmsy/m/n' in size <20> not available
(Font)              size <20.74> substituted on input line 19.


LaTeX Font Warning: Font shape `OMS/cmsy/m/n' in size <13.99994> not available
(Font)              size <14.4> substituted on input line 19.


LaTeX Font Warning: Font shape `OT1/cmr/bx/n' in size <20> not available
(Font)              size <20.74> substituted on input line 19.


LaTeX Font Warning: Font shape `OT1/cmr/bx/n' in size <13.99994> not available
(Font)              size <14.4> substituted on input line 19.

LaTeX Font Info:    Calculating math sizes for size <6.9> on input line 26.

LaTeX Font Warning: Font shape `OT1/cmr/m/n' in size <3.45> not available
(Font)              size <3> substituted on input line 26.


LaTeX Font Warning: Font shape `OML/cmm/m/it' in size <3.45> not available
(Font)              size <5> substituted on input line 26.


LaTeX Font Warning: Font shape `OMS/cmsy/m/n' in size <3.45> not available
(Font)              size <5> substituted on input line 26.


LaTeX Font Warning: Font shape `OT1/cmr/bx/n' in size <3.45> not available
(Font)              size <3> substituted on input line 26.

) [48

] [49

] [50

] [51

] [52

] [53

] [54

]
LaTeX Font Info:    Font shape `T1/FiraSans-OsF/m/n' in size <36> not available

(Font)              Font shape `T1/FiraSans-OsF/regular/n' tried instead on inp
ut line 1625.
LaTeX Font Info:    Font shape `T1/FiraSans-OsF/regular/n' will be
(Font)              scaled to size 36.0pt on input line 1625.
LaTeX Font Info:    Font shape `T1/FiraSans-OsF/b/n' in size <36> not available

(Font)              Font shape `T1/FiraSans-OsF/bold/n' tried instead on input 
line 1625.
LaTeX Font Info:    Font shape `T1/FiraSans-OsF/bold/n' will be
(Font)              scaled to size 36.0pt on input line 1625.
 [55

]
\tf@nav=\write6
\openout6 = `CACS2026.nav'.

\tf@toc=\write7
\openout7 = `CACS2026.toc'.

\tf@snm=\write8
\openout8 = `CACS2026.snm'.

 (CACS2026.aux)
 ***********
LaTeX2e <2023-11-01> patch level 1
L3 programming layer <2024-03-14>
 ***********


LaTeX Font Warning: Size substitutions with differences
(Font)              up to 1.65001pt have occurred.

Package rerunfilecheck Info: File `CACS2026.out' has not changed.
(rerunfilecheck)             Checksum: D41D8CD98F00B204E9800998ECF8427E;0.
 ) 
Here is how much of TeX's memory you used:
 37347 strings out of 476358
 795734 string characters out of 2790907
 1957493 words of memory out of 3000000
 58596 multiletter control sequences out of 15000+600000
 1292608 words of font info for 274 fonts, out of 8000000 for 9000
 0 hyphenation exceptions out of 8191
 128i,15n,123p,797b,2104s stack positions out of 5000i,500n,10000p,200000b,80000s
 </Users/josephsmith/Library/Application Support/MiKTeX/texmfs/data/fonts/pk/
ljfour/jknappen/ec/dpi600/ectt1200.pk> </Users/josephsmith/Library/Application 
Support/MiKTeX/texmfs/data/fonts/pk/ljfour/jknappen/ec/dpi450/ectt0800.pk> </Us
ers/josephsmith/Library/Application Support/MiKTeX/texmfs/data/fonts/pk/ljfour/
jknappen/ec/dpi600/ectt1728.pk> </Users/josephsmith/Library/Application Support
/MiKTeX/texmfs/data/fonts/pk/ljfour/jknappen/ec/dpi600/ectt1000.pk> </Users/jos
ephsmith/Library/Application Support/MiKTeX/texmfs/data/fonts/pk/ljfour/jknappe
n/ec/dpi600/ectt2488.pk>{/Users/josephsmith/Library/Application Support/MiKTeX/
texmfs/install/fonts/enc/dvips/fontawesome5/fa5free0.enc}{/Users/josephsmith/Li
brary/Application Support/MiKTeX/texmfs/install/fonts/enc/dvips/fontawesome5/fa
5free3.enc} </Users/josephsmith/Library/Application Support/MiKTeX/texmfs/data/
fonts/pk/ljfour/jknappen/ec/dpi525/ectt0800.pk>{/Users/josephsmith/Library/Appl
ication Support/MiKTeX/texmfs/install/fonts/enc/dvips/fira/fir_iln36p.enc}{/Use
rs/josephsmith/Library/Application Support/MiKTeX/texmfs/install/fonts/enc/dvip
s/fira/fir_d67aat.enc}{/Users/josephsmith/Library/Application Support/MiKTeX/te
xmfs/install/fonts/enc/dvips/fontawesome5/fa5free1.enc} </Users/josephsmith/Lib
rary/Application Support/MiKTeX/texmfs/data/fonts/pk/ljfour/jknappen/ec/dpi600/
ectt0800.pk>{/Users/josephsmith/Library/Application Support/MiKTeX/texmfs/insta
ll/fonts/enc/dvips/fontawesome5/fa5brands0.enc}</Users/josephsmith/Library/Appl
ication Support/MiKTeX/texmfs/install/fonts/type1/public/fira/FiraSans-Bold.pfb
></Users/josephsmith/Library/Application Support/MiKTeX/texmfs/install/fonts/ty
pe1/public/fira/FiraSans-Italic.pfb></Users/josephsmith/Library/Application Sup
port/MiKTeX/texmfs/install/fonts/type1/public/fira/FiraSans-Regular.pfb></Users
/josephsmith/Library/Application Support/MiKTeX/texmfs/install/fonts/type1/publ
ic/fontawesome5/FontAwesome5Brands-Regular.pfb></Users/josephsmith/Library/Appl
ication Support/MiKTeX/texmfs/install/fonts/type1/public/fontawesome5/FontAweso
me5Free-Solid.pfb></Users/josephsmith/Library/Application Support/MiKTeX/texmfs
/install/fonts/type1/public/amsfonts/cm/cmbx10.pfb></Users/josephsmith/Library/
Application Support/MiKTeX/texmfs/install/fonts/type1/public/amsfonts/cm/cmbx7.
pfb></Users/josephsmith/Library/Application Support/MiKTeX/texmfs/install/fonts
/type1/public/amsfonts/cmextra/cmex9.pfb></Users/josephsmith/Library/Applicatio
n Support/MiKTeX/texmfs/install/fonts/type1/public/amsfonts/cm/cmmi10.pfb></Use
rs/josephsmith/Library/Application Support/MiKTeX/texmfs/install/fonts/type1/pu
blic/amsfonts/cm/cmmi12.pfb></Users/josephsmith/Library/Application Support/MiK
TeX/texmfs/install/fonts/type1/public/amsfonts/cm/cmmi5.pfb></Users/josephsmith
/Library/Application Support/MiKTeX/texmfs/install/fonts/type1/public/amsfonts/
cm/cmmi6.pfb></Users/josephsmith/Library/Application Support/MiKTeX/texmfs/inst
all/fonts/type1/public/amsfonts/cm/cmmi7.pfb></Users/josephsmith/Library/Applic
ation Support/MiKTeX/texmfs/install/fonts/type1/public/amsfonts/cm/cmmi8.pfb></
Users/josephsmith/Library/Application Support/MiKTeX/texmfs/install/fonts/type1
/public/amsfonts/cm/cmmi9.pfb></Users/josephsmith/Library/Application Support/M
iKTeX/texmfs/install/fonts/type1/public/amsfonts/cm/cmr10.pfb></Users/josephsmi
th/Library/Application Support/MiKTeX/texmfs/install/fonts/type1/public/amsfont
s/cm/cmr12.pfb></Users/josephsmith/Library/Application Support/MiKTeX/texmfs/in
stall/fonts/type1/public/amsfonts/cm/cmr17.pfb></Users/josephsmith/Library/Appl
ication Support/MiKTeX/texmfs/install/fonts/type1/public/amsfonts/cm/cmr6.pfb><
/Users/josephsmith/Library/Application Support/MiKTeX/texmfs/install/fonts/type
1/public/amsfonts/cm/cmr7.pfb></Users/josephsmith/Library/Application Support/M
iKTeX/texmfs/install/fonts/type1/public/amsfonts/cm/cmr8.pfb></Users/josephsmit
h/Library/Application Support/MiKTeX/texmfs/install/fonts/type1/public/amsfonts
/cm/cmr9.pfb></Users/josephsmith/Library/Application Support/MiKTeX/texmfs/inst
all/fonts/type1/public/amsfonts/cm/cmsy10.pfb></Users/josephsmith/Library/Appli
cation Support/MiKTeX/texmfs/install/fonts/type1/public/amsfonts/cm/cmsy5.pfb><
/Users/josephsmith/Library/Application Support/MiKTeX/texmfs/install/fonts/type
1/public/amsfonts/cm/cmsy7.pfb></Users/josephsmith/Library/Application Support/
MiKTeX/texmfs/install/fonts/type1/public/amsfonts/cm/cmsy8.pfb></Users/josephsm
ith/Library/Application Support/MiKTeX/texmfs/install/fonts/type1/public/amsfon
ts/symbols/msbm10.pfb></Users/josephsmith/Library/Application Support/MiKTeX/te
xmfs/install/fonts/type1/public/amsfonts/symbols/msbm7.pfb>
Output written on CACS2026.pdf (55 pages, 641839 bytes).
PDF statistics:
 745 PDF objects out of 1000 (max. 8388607)
 111 named destinations out of 1000 (max. 500000)
 192 words of extra memory for PDF output out of 10000 (max. 10000000)

